curl http://turtle.lrdc.lexmark.com/testcases/Checksum.asmx/Get?persona=sim-atlantis&func=vm_expand&dpi=600&fetch=-1&debug=false -o /usr/share/integration-tests/tests/Rendering/dynamic/auto_test.checksum
Checksum: /usr/share/integration-tests/tests/Rendering/dynamic/auto_test.checksum
# Friday, December 2, 2016 7:21:17 AM
# location: /m/tcases/futures/next/wip/
# persona: sim-atlantis
# resolution: 600
# xi threads: 1
# testcases: 324
pdf/widths_to_metrics/72_17235.pdf : 52b60a48
pdf/invalidxref/hybrid_entry_l.pdf : f2dc98e,a7f5b3fd
pdf/viewer_prefs/viewPrefs.pdf : 771f6388,11ecfcf5,3790a49e,771f6388
pdf/viewer_prefs/p4_3up.pdf : f9d99306,788ee140
pdf/viewer_prefs/neg_range.pdf : 771f6388,11ecfcf5,3790a49e
pdf/viewer_prefs/p4_4up.pdf : 1e33255b
pdf/viewer_prefs/override.pdf : 771f6388,11ecfcf5,3790a49e,771f6388
pdf/viewer_prefs/empty_range.pdf : afe1909d,ed3dc632,b93c0351,84ec4977
pdf/viewer_prefs/num_cp6.pdf : 771f6388,11ecfcf5,3790a49e
pdf/viewer_prefs/null_viewprefs.pdf : afe1909d,ed3dc632,b93c0351,84ec4977
pdf/viewer_prefs/mix.pdf : 1c09ca14
pdf/viewer_prefs/odd_range.pdf : 771f6388,11ecfcf5,3790a49e
pdf/annotation/watermark/pp_180_45_rotate.pdf : e8589b40
pdf/annotation/watermark/ll-top-right.pdf : 6875e5ad
pdf/annotation/watermark/fixedprint_A1.pdf : 37f8d9a6
pdf/widths_to_metrics/aeazagp3.pdf : 2a11bdde,55f9c256,2728b445,5225c045,12e66ce1
pdf/annotation/watermark/pp-center.pdf : e8589b40
pdf/widths_to_metrics/widths04.pdf : 70322ead
pdf/fonts/report.pdf : 88086c5b,69ab7a44
pdf/widths_to_metrics/widths05.pdf : cf7b1433
pdf/annotation/watermark/pp-center-90.pdf : e8589b40
pdf/stateless_paths/paths03e.pdf : 4a9401d5
pdf/stateless_paths/paths03.pdf : 4a9401d5
pdf/invalidxref/xrefstm_startxref_l.pdf : 77da09f1
pdf/password_prompting/unencrypted.pdf : 7e80e758
pdf/stateless_paths/paths01.pdf : 3c275aba
pdf/stateless_paths/paths04.pdf : a5d66026
pdf/stateless_paths/paths02.pdf : dee5164f
pdf/widths_to_metrics/widths03.pdf : c811e03f
pdf/widths_to_metrics/widths01.pdf : c811e03f
pdf/stateless_paths/paths05.pdf : 8a7809a0
pdf/annotation/simplecap_NAP.pdf : cf7b1433
pdf/font_mapping/non-embedded/shruti-bold.pdf : 3156aeb3
pdf/font_mapping/non-embedded/geogia-bolditalic.pdf : 16e589a9
pdf/font_mapping/non-embedded/impact.pdf : 12815864
pdf/font_mapping/non-embedded/mangal-italic.pdf : 49860adf
pdf/font_mapping/non-embedded/latha-italic.pdf : 49860adf
pdf/font_mapping/non-embedded/geogia-italic.pdf : 76c9ad9a
pdf/font_mapping/non-embedded/gautami-italic.pdf : 49860adf
pdf/font_mapping/non-embedded/times-bolditallic.pdf : e8722b3c
pdf/font_mapping/non-embedded/couriernew-bold.pdf : c3ac6260
pdf/font_mapping/Courier-BoldOblique.pdf : 62f88ad7
pdf/invalidxref/tables_entry.pdf : e8589b40
pdf/font_mapping/Courier.pdf : 39c1374c
pdf/font_mapping/Symbol.pdf : 1e335a7
pdf/font_mapping/Helvetica.pdf : 5b045bb7
pdf/font_mapping/ZapfDingbats.pdf : 73158a37
pdf/font_mapping/Palatino-Bold.pdf : 5b912ccc
pdf/font_mapping/Bookman-Demi.pdf : 487be4e9
pdf/font_mapping/Courier-Bold.pdf : a81540fb
pdf/font_mapping/Bookman-Light.pdf : 6ea1a147
pdf/font_mapping/Helvetica-Bold.pdf : c0136a86
pdf/font_mapping/AvantGarde-Demi.pdf : 71a77cb2
pdf/font_mapping/Palatino-Italic.pdf : 7c45268e
pdf/font_mapping/Palatino-Roman.pdf : 8c93d52
pdf/font_mapping/AvantGarde-Book.pdf : 5f1f0061
pdf/font_mapping/Helvetica-Narrow.pdf : 4243d136
pdf/font_mapping/Bookman-DemiItalic.pdf : 679b5adc
pdf/font_mapping/Palatino-BoldItalic.pdf : aca0423d
pdf/font_mapping/Bookman-LightItalic.pdf : 9de9bce6
pdf/font_mapping/Helvetica-Narrow-Bold.pdf : 7db4a777
pdf/font_mapping/ZapfChancery-MediumItalic.pdf : 4446eae4
pdf/font_mapping/mediaonly_nrml.pdf : 199d4db1
pdf/font_mapping/Courier-Oblique.pdf : f5224beb
pdf/font_mapping/AvantGarde-BookOblique.pdf : e61731f9
pdf/font_mapping/AvantGarde-DemiOblique.pdf : 902516fe
pdf/font_mapping/Helvetica-Light.pdf : d640daaf
pdf/font_mapping/Helvetica-Black.pdf : cf855ed
pdf/font_mapping/Times-Bold.pdf : ce5ac597
pdf/font_mapping/Times-Roman.pdf : ffc70e58
pdf/font_mapping/Times-Italic.pdf : 75b9e9fc
pdf/font_mapping/Times-BoldItalic.pdf : 59922107
pdf/font_mapping/Helvetica-Oblique.pdf : 9924d5e
pdf/font_mapping/Helvetica-BoldOblique.pdf : 66d9908c
pdf/font_mapping/Helvetica-Narrow-Oblique.pdf : e3f1eb43
pdf/font_mapping/Helvetica-Narrow-BoldOblique.pdf : 9ac636f5
pdf/font_mapping/Helvetica-BlackOblique.pdf : ce19bcc3
pdf/font_mapping/Helvetica-LightOblique.pdf : 90cf0735
pdf/invalidxref/tables_startxref.pdf : e8589b40
pdf/font_mapping/non-embedded/batang.pdf : b10c7f64
pdf/font_mapping/non-embedded/mangal.pdf : 3dce507b
pdf/font_mapping/non-embedded/geogia.pdf : 5a4a1a62
pdf/annotation/callout_with_text_NAP.pdf : e8589b40
pdf/font_mapping/test-embedded.pdf : bc31582e,f892ac0d,f1b1b2f5,7957dd45,54d417e8,8eaaa7b6,a36f98d5,3ed0959b,1d05faa0,718b7263,a3778d33,5d412b8a,b2391dd5,6f20443f,e8dba5f8,cf75cff0,d349d804,46578eea,52a926dc,5d5c8e49,a309d2ee,e352aec4,f8b9471a,75409ef5
pdf/font_mapping/test.pdf : bb9abbc,b5e967ca,b226f57b,5546547e,efd91bb5,59ca102b,9bb3ca62,d8ceb218,254c4960,c1107fdd,e7cc9498,5b024447,7691ff85,f3d0b21a,6ed77ed,77a0dec6,39109903,95ca5d88,86c79387,c597de01,376a7305,23d21c2e,3ad46671,61ebe410
pdf/font_mapping/non-embedded/lucidaconsole-bolditalic.pdf : deddc65a
pdf/font_mapping/non-embedded/impact-bold.pdf : c250b79c
pdf/font_mapping/CenturySchlbk-Bold.pdf : 36505f28
pdf/font_mapping/CenturySchlbk-Italic.pdf : a3174617
pdf/font_mapping/CenturySchlbk-Roman.pdf : d2a7aeb3
pdf/font_mapping/CenturySchlbk-BoldItalic.pdf : 4063d8b2
pdf/font_mapping/non-embedded/lucidaunicode-italic.pdf : e73b8bde
pdf/font_mapping/non-embedded/sylfaen-italic.pdf : 6e442c58
pdf/font_mapping/non-embedded/comic-italic.pdf : b3126d9b
pdf/font_mapping/non-embedded/lucida.pdf : a56a5f96
pdf/font_mapping/lucidaconsole.pdf : 1b3ddb5e
pdf/annotation/watermark/bottom-left/pp_w.pdf : e8589b40
pdf/annotation/watermark/bottom-left/pl_w.pdf : 785d0acd
pdf/annotation/watermark/bottom-left/pp_180w.test.pdf : e8589b40
pdf/annotation/watermark/bottom-left/pp_90w.test.pdf : e8589b40
pdf/annotation/watermark/bottom-left/pl_270w.test.pdf : 785d0acd
pdf/annotation/watermark/bottom-left/pl_180w.test.pdf : 785d0acd
pdf/annotation/watermark/bottom-left/pp_270w.test.pdf : a4088c33
pdf/annotation/watermark/bottom-left/pl_90w.test.pdf : 9b8487db
pdf/font_mapping/non-embedded/trebuchet.pdf : ca393b4d
pdf/font_mapping/non-embedded/trebuchet-bold.pdf : 5b8a1371
pdf/widths_to_metrics/widths02.pdf : 283aa980
pdf/font_mapping/non-embedded/mincho-bolditalic.pdf : 932fb0c2
pdf/font_mapping/non-embedded/mincho-bold.pdf : 46ac3c97
pdf/font_mapping/non-embedded/gulim-bold.pdf : 20931966
pdf/font_mapping/non-embedded/gulim-bolditalic.pdf : 75daef3b
pdf/font_mapping/lucidasans.pdf : 6f294420
pdf/font_mapping/georgia.pdf : 3d3c0cbc
pdf/font_mapping/non-embedded/lucidaunicode-bold.pdf : 10deb178
pdf/annotation/watermark/bottom-left/lp_w.pdf : aef66464
pdf/annotation/watermark/bottom-left/lp_180w.test.pdf : aef66464
pdf/annotation/watermark/bottom-left/lp_90w.test.pdf : aef66464
pdf/annotation/watermark/bottom-left/lp_270w.test.pdf : 28e1e50e
pdf/font_mapping/non-embedded/comic-bold.pdf : 8faf2e56
pdf/font_mapping/comic-non.pdf : 52e41a12
pdf/font_mapping/sylfaen.pdf : c2ff8a1d
pdf/annotation/watermark/bottom-left/ll_270w.test.pdf : 6875e5ad
pdf/annotation/watermark/bottom-left/ll_w.pdf : 6875e5ad
pdf/annotation/watermark/bottom-left/ll_180w.test.pdf : 6875e5ad
pdf/annotation/watermark/bottom-left/ll_90w.test.pdf : a357a9bc
pdf/font_mapping/unicode.pdf : 3bbd37a4
pdf/font_mapping/test-nonembedded.pdf : a232e788,712a44c2,c5196425,98f1defe,d0350c02,46384001,aa28c203,499962df,3e8148c5,b55377d5,32886da1,626e722b,6ed77ed,b566b29b,80a5b567,3c79c3ff,348f85af,403fb8b8,8d2488a,1df862af,759d0132
rendering/sentry/colortests/ObjectSpecificTonerDarkness.ps : a1fea75a,efaff48a,e00f3067,4c2a1fe8,ff836a70,44303b21,642c4449,6777e72a,287aac45,d11f2377,71fe3956,d756075f,d11f2377,efaff48a,e00f3067
rendering/sentry/colortests/TonerDarkness_M.ps : b90f88cd,a0f3fbaf,3a69a43d,4e152d2a,3991a935,7909c429,ce7d1910,24b401cc,14b178ed,7c28cfd4,216c76fc,7aa10d90,16151348,6e5818a4,d391fd2b,9e6324ab,7197a51b,a642e443,461fccfb,70edea7b,e3b86163,f0613fd3,9b8b0221,46b4a193,7202da73,3ed3e213,729e217b,4552b9cb,f1ff5841,bfc7f7d1,6bf82193,fa1bd573,545fed8f,bcd3c058,521a66b4,e78d7c2b,4cc4e0f3,b2fec52a,c749ad2,a3b823f6,393da8de,df815036,48bb268f,2efdbb33,883252ff,ddaa3436,c3210aaf,dc5491b7,328b663b,87febcf4,1d85421c,83cc6704,1d90fe28,86cad4e0,43c490e5,99bc316c,32f048b8,8c28f010,66cd3e4,6ce0b6ad,3275dc1,bc9a42f8,41d17580,a70b5977,812ddf,95c4c6cb,4cf6e52b,1c21c43,d2eabed5,fdb8bc4d,28e1f61f,f393943f,c0481c2d,7374bb6d,a23cf705,500b966d,fd3c1d6f,31885ecf,fc39f5d1,4701f561,f9ac13d9,2cd74e29,d9a08d31,a55534bf,580732ff,4cd2b1f7,19fb38e5,b9f2d22b,c4a4b02b,8f59583d,4286199d,6d4e3915,19fccf9d,d72d697b,a79a29b,d5ab21f9,32733169,f51d5ec1,27c87cf1,d491a459,9f46440b,d8d5f73,770745ab,193b5477,6eb2e59e,c4e8ca6b,5a2f6253,f373ea27,59a7c09f,b71b0dd8,de1f524,6459d79b,fe5f6c33,6396c32c,620f02c8,fb830890,51c60cbc,b77ff0b5,db6c981,6c2ea278,5b427a0,6b2b8e59,196f2d71,7aa3bbf5,13d7d33d,6a1ae829,cf54bac2,ac25d242,7f5a52b2,c4057fda,6f35a178,46b04612,797a7cfa,4623136a,14cc5b8,2c98feb8,79611e48,4c15b5d6,18dfdd5e,cb8a1cd6,76bac6d8,41ed665a,21484312,4c107a0a,16e2216a,ca143aea,9708c1f4,4bb4012c,76dd437a,2a51e3da,555fe182,db8de4c8,81d18c30,b0b3e77,614e530b,ba82eae7,ffacc30,75723297,ea6498f,db50e0cc,74c3e603,1a078eef,b37f6357,18b6b9df,6efabdb3,6a7fc8be,c3b86016,70e0e728,a40a20fa,eed22092,ecb477f2,997fb70a,c6525682,910b7e70,43bd9cd0,e7c340c0,1a6e5e08,c59e7fca,764b2240,a5995fa0,a50c2d38,5035cdaa,b67cf102,21f6c7aa,10a27f9f,68d8549a,5edaf2,ffd75b5e,554ab185,ea8e3969,4fd59cc1,fa816b4,69dc2e70,ff4f4397,ee4fc19b,54839424,c7d00d44,274d0c66,d41633ce,31f11d04,fd229c62,2fcdba92,cfaeb37a,8579f2d2,7cf08edc,a919d10e,419fff1c,f4cc9f5c,ea497e86,9cfb9cc6,49ca3c5e,2a2dfcfa,21d13b6a,ec92d168,b50b9ae4,1a52fe0c,da0977f8,c9b0a475,232a7a6d,1eacf4cc,83f417f4,7a18570,474e7f5c,f1d91f20,ad8046d1,12ba2ada,c239a946,b2299146,adb93e06,ac6e2917,a21a077f,2208a837,1dd29ad,dfdfc79d,580a0549,506945d1,274bb63,7a6d84d1,7829ca99,333ac3f3,2ab76849,cd540053,18217071,c2cd6173,4d58bdad,4a159460,fb9c5253,87d02fb5,8048d4a5,1af7b8a5,3aa0547b,3b6090f9,d0829a28,50a95a93,f891723b,cf54bac2,eed22092,49ca3c5e,f891723b,f891723b
rendering/sentry/colortests/ManualColorCorrection_RGB_image.ps : 8784e02c,d756075f,7d0cc530,b24080db,c4f80e35,8784e02c,8784e02c,8784e02c,8784e02c,8784e02c
rendering/sentry/colortests/ColorCorrection.ps : dfaa3923,7d3febd7,dfaa3923,7d3febd7,dfaa3923,7d3febd7,dfaa3923,7d3febd7
rendering/sentry/colortests/ManualColorCorrection_RGB_text.ps : d11f2377,ec6e3a66,de65d183,29b40227,6116ea2e,d11f2377,d11f2377,d11f2377,d11f2377,d11f2377
rendering/sentry/colortests/TonerDarkness_Y.ps : ec81c2d5,a484e7c3,e173e4b7,63ff17ed,6872a52c,b5f486d5,3fd79de1,3fd79de1,a5b5c5af,383830e1,383830e1,e86691dc,4337e6a9,4337e6a9,fc763bae,354d5152,354d5152,b3bd950a,ff287ce3,ff287ce3,14cad68d,14cad68d,d84d3681,5a7c6f7e,5a7c6f7e,6988bc8a,2e5fd39c,2e5fd39c,fa00c9cd,a9301ba2,a9301ba2,b2a76e4,b2a76e4,c556521e,14390c73,14390c73,ec4da485,49e92eff,49e92eff,653c70eb,653c70eb,a6e8c205,3ed18677,3ed18677,de3cbf13,623f069f,623f069f,9005eae0,9005eae0,cc2898be,4bb99ee6,4bb99ee6,a1377963,a1377963,467c9d34,12338160,12338160,be243054,be243054,2c5f35e7,ef2bf93,ef2bf93,bcbe78a9,8b5824ed,8b5824ed,bec509ec,bec509ec,bb45286a,6060fbb6,6060fbb6,cdde189f,cdde189f,bebeefd6,11cf672e,11cf672e,b468e8b6,b468e8b6,83569681,83a2b120,83a2b120,313ddc55,313ddc55,b64225e6,dd2495ac,dd2495ac,d7dc8bfb,41296ab7,41296ab7,e8aa7ad1,e8aa7ad1,a78a8811,6236504d,6236504d,b2a49d13,b2a49d13,a18d5c45,1eb90f14,1eb90f14,99e2ab71,99e2ab71,b907fc9d,1fe130df,1fe130df,1aa1b585,379645d7,379645d7,481b69c9,481b69c9,ab6d8649,7dbd9daf,7dbd9daf,f1c9b4d1,f1c9b4d1,2a621c3b,4579e02c,4579e02c,76fb374b,b8329d53,b8329d53,1cce7a23,1cce7a23,f6303a18,64afc256,64afc256,46b9e753,2320c04e,2320c04e,30ae8508,afe9f913,afe9f913,ca9cc049,ca9cc049,8ddc7245,bbb6950c,bbb6950c,382a5d38,64b3b639,64b3b639,ab275ce6,a5d5a29d,a5d5a29d,c7c16cf4,c7c16cf4,69cfde0e,77fb1472,77fb1472,b55a5080,8ad5f030,8ad5f030,da130a30,a6a4ac94,a6a4ac94,6cf99f0e,d4c204d8,d4c204d8,b1958a8c,704b424,704b424,f3bce3f6,c916eabc,c916eabc,d2042c53,ca37f3f5,97ec2609,97ec2609,37c0615f,b00ffa76,b00ffa76,f2b2c34f,dee27175,dee27175,7b35110d,a7b7fb38,ee6e261c,ee6e261c,df8a6411,264797e,264797e,8dad1e41,5dfda56b,9eac93b5,9eac93b5,46becee3,8a82c745,9520b043,9520b043,cc2b47cd,d96f5365,147515b,147515b,d33f711e,c447753,9008fdc3,6656ffe1,6656ffe1,822b0140,4b5288f1,b2a9c709,ee07bb4c,ee07bb4c,d1e04,d38ff82,3ebad09a,859b4e37,b5773cb7,b5773cb7,6a68c53,e4f5d4b2,307606dc,f03f320c,ffd9ac8c,7f5b6d0a,dd764c9e,ed8eca9c,8b7ea4be,8b7ea4be,e9f7a254,5f1d0dd5,a8cd83fd,28b3316,c7d87003,68430796,62c98683,49a023ad,89b6a72e,a286c49b,ed75df57,89282364,9aa9c9f5,864e55d2,66a6f7b8,b5624582,5bfb2048,a74434e4,93f9dc8f,dd457e7f,f081f666,ea0b1464,6ddb0c27,d0847ba,2b7967a8,71e1f82e,1fee3973,cb58dab6,aa23b605,be978560,977443ed,99405710,a2b2cda1,c0381f0,55ad2c99,d291bc00,21e578ec,5c4a09ec,f891723b,2320c04e,dee27175,ffd9ac8c,f891723b,f891723b
rendering/sentry/colortests/ManualColorCorrection_CMYK_graphics.ps : bc1ab3e5,f35e676f,5da2aaff,784941cf,bc1ab3e5,bc1ab3e5,bc1ab3e5,bc1ab3e5
rendering/sentry/colortests/ColorSaver.ps : f8eecb17,5fc82511,4b2566bc,1c765ade,f8eecb17,1c765ade
rendering/sentry/colortests/ManualColorCorrection_RGB_graphics.ps : 71fe3956,77fde66f,c107aefb,ebfff032,bed4414,71fe3956,71fe3956,71fe3956,71fe3956,71fe3956
rendering/sentry/colortests/DebugObjectType_CMYK_image.ps : 95c51562,2e15d783,2e15d783
rendering/sentry/colortests/TonerDarkness_C.ps : 51ab369f,4112350b,df44b06c,debc6afc,9d75e56c,59f89f91,f32cb559,cc64cae1,cb11b3b3,6158591f,47cbbd16,ad03160e,34718ba,288a314e,82000866,ad5e4986,589000e4,58033ee4,2ac7df56,d5f7e434,a2c063a4,4f7f0b2e,822a455e,6ed92cc6,a1846716,ee4c66a6,b97dfe28,2cca7f28,df749ee0,8aa523e2,9d5a0c30,af6aae20,44b73474,aaed18c1,46dadc8,5ea1c3d4,f3e869bc,4d624274,e2d5590d,49112dc4,9fa911cd,f5eff729,5b275010,f49ce718,9a008fbc,f0439258,89b79790,e3102d24,484a109b,be80c34f,fdf8802f,636fe816,1cf54d6e,7629e36a,cba1c5f3,54db79da,ab1e8e6e,1065b1d6,a5aa382a,8bdf9c77,e557317e,7f8b478a,94d15d72,7e4ab62a,d3be0cc3,39f1e17b,4c368fb,2f9da7e3,fc4a46fd,af8c695b,64378903,8f05a183,423a59f3,6d637681,3a1c1def,ecce582f,b7875f41,eab0a16f,17832107,c4abbff5,8f5d5fb5,3c28a6ad,86f0bd25,ba215ac5,84f26265,7c6a4063,7c6a4063,644582ad,8f14bb0d,624a735d,d74100f,da1cb79f,8cced1ff,578358ed,caacdb3f,f77adab7,c4a379c9,cf5561a9,c420e8c1,eee91f59,a215bcd9,379c4271,8d339a98,2668304c,8ccf5528,f6092d50,4b80cf99,b1c4b6c1,7fa89bc,a14e9f78,fa873510,5fc35887,f9365dbe,8f7f431a,e5f32723,4b2a800b,46b22b4b,e02a0253,75af87eb,cb26e012,645d75c6,caa09aa2,33da72c9,89545512,2f9a3c3a,85d10f36,1f0524ee,cbb3cc56,fe6026a6,4b282636,165addb8,41a71eb8,f4513e70,9f81c372,723663c0,ec71416a,993fc0e2,63f160c4,971d7e44,e22594dc,8eeedbf4,c21a1e44,750c589c,3fc0df8a,faea8c18,c7930b88,cd91c2e0,aa62da60,570f797a,81ddb1fa,c688e3a2,71b8ea00,9d052b20,4836e27e,7ae50216,1a62c0f0,c59745ce,1263c53e,bf126cc6,f1bda6f6,47f47a02,6127ffca,76ba6e2,826804c3,db9c9a67,31147c9e,9a4e54d7,8090e9c3,de04381c,adb1f98c,46f69028,b53dab50,b737d55,a0ba02fd,42ee0fc1,f19e4890,56d82c19,f0543162,469b16ce,9d0efac5,589a566a,fdddfefe,97539616,f217abda,e0d6e6c6,470abbbd,dcfdd1f6,3673aa6e,274f18f,97b8782b,4c839823,3b5b663,ffac7269,2ad58f97,de024737,75686e09,a430a881,56e2e2c1,54d2ac01,1a12b99,aec9ca87,2666b13d,712ec7b5,a45ae555,5c2d6997,2f6201e7,6cfd888f,19aa2785,44785fe5,6c53ea2f,221f0a07,1f44df,ccc7ec71,ac1dc1a3,78d26091,6f6c2789,c9b03d5d,ba6f78c9,22e34e52,11cc3d11,dd3d83f0,74810adc,464207dc,9bb9aab5,8d23931c,8c9c10d0,7995ee2f,d2ce9407,f17b5c35,ee35e592,edb0fc8e,82f4957a,7b8ad42,e5d4847c,859a4344,fd92c7d6,dd2aa994,3829c7fe,372785a0,61e42588,e042e74e,8448a23e,6223e144,12432436,ecbb1744,cb8a0a04,cd79cf21,f99b0574,69c5f975,7f09a686,38d59d31,cbb275fe,615ade8f,7ac7cf4,f891723b,1f0524ee,adb1f98c,221f0a07,f891723b,f891723b
rendering/sentry/colortests/BrightnessContrastSaturation_GRAY.ps : 3237e176,cc42c916,ee005fb6,7f3fb9cf,e1d5b78d,4769801d,cf4147d7,d7326005,838d075c,364db8d8,2ca98d25,bcb94f34,2abd20a6,137eb1c0,4f707064,882c6cfd,c3d1220d,39576a8f,3237e176,3237e176,3237e176,3237e176,3237e176,3237e176
rendering/sentry/colortests/BrightnessContrastSaturation_CMYK.ps : 7d3febd7,7d3febd7,7d3febd7,7d3febd7,7d3febd7,7d3febd7,7d3febd7,7d3febd7,7d3febd7,7d3febd7,7d3febd7,7d3febd7,7d3febd7,7d3febd7,7d3febd7,7d3febd7,7d3febd7,7d3febd7,7d3febd7,7d3febd7,7d3febd7,7d3febd7,7d3febd7,7d3febd7
rendering/sentry/colortests/TonerDarkness_K.ps : 6ac6ff47,bc8d55a7,afd49e43,a32f35bb,66d289a7,98969ad7,348522c1,34712f41,cfb50ff9,6ba39783,c0d5eb75,17a4a551,191b5e19,1a921681,94409e81,942f1abf,8dd2fbaf,781838f,773df97,b2106d97,8ee54bbf,c0badd7f,f290697f,2a7efb8d,2a714f15,2a714f15,610a2ca8,98e74740,98e74740,438020ad,eed992b5,ef878c75,f0358075,2d0412fd,2cf29b27,29bb7a27,668a06ef,6677a31f,666545df,6c8a72a7,72af9b4f,78d4cdd7,5fc355d7,5fb10137,469f8d37,2d8e1ef7,2d8ceaf7,82e13ce7,3c9d1d0b,a059a443,4162b5b,7404b38d,74037fed,e1476239,5135ea7b,d1247351,266855a1,7c082fe5,7c52071d,7c52071d,7c9bde35,9afa6635,1ae8eefb,9944cfeb,b7a357cb,b7929a13,b781c76b,c3ea0f0b,d052650b,dcbaad0b,aaa94211,aa986f19,7886f5ff,46757d05,4663f621,46525a4d,495781ed,4c5cb7ed,4f61dfed,42d076b5,42beda91,362d6339,299bec01,2987f821,29740ae1,42561619,5b381d31,5b381d31,741a2e29,1008b69f,ff4d1ff,abe35f15,47d1f1eb,47c06e2d,47aef11f,4925ac57,4a9c636f,4c132467,c5c1ac87,c5b03419,3f5ec019,b90d51d9,b8ffb291,b8f1fe29,eac785e9,1c9d1be9,4e72a3e9,86613a1b,86538593,be420de5,f6309617,f61f2a2d,f60daf13,f6bb9eb3,f7699cb3,f8178cb3,34e621eb,34d4a6c1,71a32dd9,ae71b511,ae898f89,594bdbc1,ccd4ba09,945f4bc9,5be9d7c9,3bd86abf,3bf03bf7,16891aa2,f677a838,b6663aca,bc169f7,bd94837,bf11e37,9b17af2f,5b063ca1,9a2b1a19,2951a551,29507171,294f43f1,8d0bd0b9,f0c859a1,5484ec29,c47373c7,c4724f07,3460dbd5,243df51d,a42c8147,a4765e0f,a4c036b7,a50a1d7f,c368a59f,43573769,61b5c369,802c36f1,80440419,47ce8bf9,f5921f9,d6e3a9f9,b6d24063,b6ea0d2b,76c71c2f,36b5b2fd,f6a43afb,f6bc0b3b,f6d3ef3b,86125603,4600de11,d52766b9,644def81,647d9581,f3a420b9,82caa811,11f13909,d1f79faf,91e62d85,51d4c07b,31c3487d,11c9a6e7,11e1723f,11f94cb7,b9726769,80fcf369,48d16e61,491b4579,6779cd59,a436eb59,2425820b,a45de1a5,244c6a17,4298a53,42856b3,4260433,67e2996b,3b8da919,9f4a3051,f4cfd551,dbf3b70d,fa40c87d,ba472067,6f8b0207,f68116f,3a19c58f,3a495f7f,e1c26f7d,14c506d,c984c82d,70148f5,809e6465,813ae1e3,810a55a7,b2d22a8f,167d484f,4e5e2d81,be29bbdf,bf8f0f91,3c2b08c1,2f76a27b,4830e703,15e38081,4d9b1e81,569908b5,30c251f9,23c8278f,60cbc6ac,bb41c279,bb41c279,bb41c279,bb41c279,bb41c279,bb41c279,bb41c279,bb41c279,bb41c279,bb41c279,bb41c279,bb41c279,bb41c279,bb41c279,bb41c279,bb41c279,bb41c279,bb41c279,bb41c279,bb41c279,bb41c279,65e8bd71,ad0c483b,bf571943,cac43ca3,b7057d85,f7ae8fa3,f4e61b98,aa8768d6,b00df709,f891723b,3bf03bf7,647d9581,b2d22a8f,f891723b,f891723b
rendering/sentry/colortests/ManualColorCorrection_CMYK_image.ps : 95c51562,2034f8a6,c65a59a9,9b6052e0,95c51562,95c51562,95c51562,95c51562
rendering/sentry/colortests/BrightnessContrastSaturation_RGB.ps : dfaa3923,c262eaf1,acfeb24d,92cfe9e9,6d0b218,125c9e2a,a9cd89e1,d5673f17,de888dd4,4c03521b,d3af5b7,e7d9a5cd,b17815b5,67d96ead,2d334d9f,f09be2b3,2fe54c18,9eee40d0,45f026df,56906279,bb0bdf82,7a586d29,3daf31e9,dfaa3923
rendering/sentry/colortests/ManualColorCorrection_CMYK_text.ps : b663257,da0e9732,5a01d773,d714de52,b663257,b663257,b663257,b663257
rendering/sentry/colortests/ColorBalance_K.ps : ca525c4c,a138ca0e,b3d02384,a86049f3,47e2d3e4,9acac2fb,8d806171,5cc09235,6aaf405b,61bc1f58,45827ce,9acac2fb
rendering/sentry/colortests/ColorBalance_M.ps : 609ea38e,94ef473c,abad1282,e2df914c,1e3a8a97,8cdbb895,807ae27e,9a6df81c,8e703cc4,9a38f63a,1a42372e,8cdbb895
rendering/sentry/colortests/DebugObjectType_CMYK_graphics.ps : 784941cf,570c87e8,570c87e8
rendering/sentry/colortests/DebugObjectType_RGB_image.ps : d756075f,4a94fe3e,4a94fe3e
rendering/sentry/colortests/ColorBalance_Y.ps : 4ec19a6e,cec33180,e32c0c44,9a3b7c9d,817e03d4,c8d42f42,cfc82a6e,8a5ad816,1453af80,858feb01,a73a97b9,c8d42f42
rendering/sentry/colortests/DebugObjectType_RGB_text.ps : d11f2377,2c4846fe,2c4846fe
rendering/sentry/colortests/DebugObjectType_RGB_graphics.ps : 71fe3956,ace869e8,ace869e8
rendering/sentry/colortests/ColorBalance_C.ps : 73c2b841,fa60f43a,e13c3c54,645081cc,581c972a,95fd7a4c,b835f4a6,79cf1d8d,beaf031a,e2e7c2fa,c5bee011,95fd7a4c
rendering/sentry/colortests/DisableColorCorrection.ps : bab20a35,7d3febd7,7d3febd7
rendering/sentry/colortests/SpotColorReplacement.ps : 7c978cc1,ffe0ea65
rendering/sentry/colortests/RGBColorReplace.ps : 5007b5db,5f09ac10
rendering/sentry/colortests/DebugObjectType_CMYK_text.ps : b663257,55bee5c5,55bee5c5
rendering/sentry/colortests/PrintMode.ps : 2b52f497,78083bf3,2b52f497,b0b437a0
rendering/sentry/colortests/PSHalftoneCRDs_color_600.ps : 6d7aeeec,e7538d8a,e7538d8a
rendering/sentry/colortests/PSHalftoneCRDs_color_1200.ps : 6d7aeeec,e7538d8a,33f0f0a0
rendering/sentry/colortests/PSHalftoneCRDs_default.ps : 6d7aeeec,e7538d8a,6d7aeeec
acceptance/camera.ps : c5e59390
acceptance/HAWKING_50_PAGES.PST : 664e49cc,f7753671,19056591,d7f0ad02,ce569434,8a6dbcb6,49d60de6,772ada42,f516c9d2,7cf24530,b7e7f751,5bdf3a0b,7df6e508,14d6fdac,5fab6bd2,e10402f6,8039684b,41e361fa,4c2b8732,3627b2b0,1475e031,38e730ad,5afedbaa,f1def44e,3cb36274,be0bf998,5d415eed,1eeb589c,29337dd4,c946a7a0,a794d521,cc06259d,ee1dd09a,84fde93e,cfd25764,512aee88,f06053dd,b20a4d8c,bc5272c4,a2285765,807684e6,a4e7d562,c6ff805f,5ddf9903,a8b40729,2a0c9e4d,c94203a2,8aebfd51,95342289,deb6a688
acceptance/ISO-IEC_24712_FCD_Test_Suite-FINAL.pdf : b99a88b,23ab5595,b842b179,d8d3d334,cb9fa3c0
ql7/pdf-distiller11/EX4TB1CC.pdf : 86609dab
ql7/pdf-distiller11/PL4TB1DC.pdf : ac4b9734
ql7/pdf-distiller11/WW4TP1DC.pdf : 412bce15
ql7/pdf-distiller11/PL4T31CM.pdf : 2cf1be13
ql7/pdf-distiller11/ACTN41CM.pdf : 155d1285
ql7/pdf-distiller11/PL4TA1CC.pdf : 3dc0bee0
rendering/sentry/pmaptests/AllowUserScreensTestDefault.ps : 2a479662
rendering/sentry/pmaptests/usescannerscreen.ps : 440cca,e64468c,1ea70860,2c55e032,e7285b58,27b12120
rendering/sentry/pmaptests/FontOutlining.ps : 404fe298,9a424ca4,c545e0a3
rendering/sentry/pmaptests/BayerScreenLimit.ps : 4a08c23b,6214158e
rendering/sentry/pmaptests/BlackTrapping.ps : db4e5f7b,91978736,6a1a9b6c,e28fc5a1,876c7e26,fcb61d00,12c82fa8
rendering/sentry/pmaptests/Coring.ps : 662ee372,1a08d596,2a96b0eb,6aa71beb
rendering/sentry/pmaptests/Resolution.ps : 886e569b
rendering/sentry/pmaptests/PixelBoost.ps : 880e5442,8e4e1850,8b2eb76f,718cbcbd,7e90c998
rendering/sentry/pmaptests/EnhanceFineLine.ps : 57325c5e,477db433,8b2eb76f,718cbcbd,7e90c998
rendering/sentry/pmaptests/UserScreensColor2400IQ.ps : f173019a
rendering/sentry/pmaptests/UserScreenType1.ps : 8c1bf59f
rendering/sentry/pmaptests/UserScreensColor1200.ps : 37a1e0b9
rendering/sentry/pmaptests/UserScreen600.ps : 8337af74
rendering/sentry/pmaptests/UserScreen1200IQ.ps : 15f02278
rendering/sentry/pmaptests/UserScreen2400IQ.ps : bc44f65e
rendering/sentry/pmaptests/UserScreen1200.ps : dc94b8a1
rendering/sentry/pmaptests/AllowUserScreensTestOff.ps : 2a479662
rendering/sentry/pmaptests/AllowUserScreensTestOn.ps : 60a3b898
rendering/sentry/monotests/TonerDarkness.ps : 6ac6ff47,bc8d55a7,afd49e43,a32f35bb,a32f35bb,66d289a7,98969ad7,348522c1,34712f41,cfb50ff9,cfb50ff9,6ba39783,c0d5eb75,17a4a551,191b5e19,1a921681,1a921681,94409e81,942f1abf,8dd2fbaf,781838f,773df97,773df97,b2106d97,8ee54bbf,c0badd7f,f290697f,2a7efb8d,2a7efb8d,2a714f15,2a714f15,610a2ca8,98e74740,98e74740,98e74740,438020ad,eed992b5,ef878c75,f0358075,2d0412fd,2d0412fd,2cf29b27,29bb7a27,668a06ef,6677a31f,666545df,666545df,6c8a72a7,72af9b4f,78d4cdd7,5fc355d7,5fc355d7,5fb10137,469f8d37,2d8e1ef7,2d8ceaf7,82e13ce7,82e13ce7,3c9d1d0b,a059a443,4162b5b,7404b38d,74037fed,74037fed,e1476239,5135ea7b,d1247351,266855a1,7c082fe5,7c082fe5,7c52071d,7c52071d,7c9bde35,9afa6635,1ae8eefb,1ae8eefb,9944cfeb,b7a357cb,b7929a13,b781c76b,c3ea0f0b,c3ea0f0b,d052650b,dcbaad0b,aaa94211,aa986f19,7886f5ff,7886f5ff,46757d05,4663f621,46525a4d,495781ed,4c5cb7ed,4c5cb7ed,4f61dfed,42d076b5,42beda91,362d6339,299bec01,299bec01,2987f821,29740ae1,42561619,5b381d31,5b381d31,5b381d31,741a2e29,1008b69f,ff4d1ff,abe35f15,abe35f15,47d1f1eb,47c06e2d,47aef11f,4925ac57,4a9c636f,4a9c636f,4c132467,c5c1ac87,c5b03419,3f5ec019,b90d51d9,b90d51d9,b8ffb291,b8f1fe29,eac785e9,1c9d1be9,4e72a3e9,4e72a3e9,86613a1b,86538593,be420de5,f6309617,f61f2a2d,f61f2a2d,f60daf13,f6bb9eb3,f7699cb3,f8178cb3,34e621eb,34e621eb,34d4a6c1,71a32dd9,ae71b511,ae898f89,594bdbc1,594bdbc1,ccd4ba09,945f4bc9,5be9d7c9,3bd86abf,3bd86abf,3bf03bf7,16891aa2,f677a838,b6663aca,bc169f7,bc169f7,bd94837,bf11e37,9b17af2f,5b063ca1,9a2b1a19,9a2b1a19,2951a551,29507171,294f43f1,8d0bd0b9,f0c859a1,f0c859a1,5484ec29,c47373c7,c4724f07,3460dbd5,243df51d,243df51d,a42c8147,a4765e0f,a4c036b7,a50a1d7f,c368a59f,c368a59f,43573769,61b5c369,802c36f1,80440419,47ce8bf9,47ce8bf9,f5921f9,d6e3a9f9,b6d24063,b6ea0d2b,76c71c2f,76c71c2f,36b5b2fd,f6a43afb,f6bc0b3b,f6d3ef3b,86125603,86125603,4600de11,d52766b9,644def81,647d9581,647d9581,f3a420b9,82caa811,11f13909,d1f79faf,91e62d85,91e62d85,51d4c07b,31c3487d,11c9a6e7,11e1723f,11f94cb7,11f94cb7,b9726769,80fcf369,48d16e61,491b4579,6779cd59,6779cd59,a436eb59,2425820b,a45de1a5,244c6a17,4298a53,4298a53,42856b3,4260433,67e2996b,3b8da919,9f4a3051,9f4a3051,f4cfd551,dbf3b70d,fa40c87d,ba472067,6f8b0207,6f8b0207,f68116f,3a19c58f,3a495f7f,e1c26f7d,14c506d,14c506d,c984c82d,70148f5,809e6465,813ae1e3,813ae1e3,810a55a7,b2d22a8f,3bf03bf7,647d9581,b2d22a8f,f891723b,f891723b,3bf03bf7,647d9581,b2d22a8f,f891723b,f891723b
rendering/sentry/monotests/ColorCorrection.ps : 29ea15c2,3f15d2b4,29ea15c2,3f15d2b4
rendering/sentry/monotests/BrightnessContrast_GRAY.ps : 3237e176,cc42c916,ee005fb6,7f3fb9cf,e1d5b78d,4769801d,cf4147d7,d7326005,838d075c,364db8d8,2ca98d25,bcb94f34,2abd20a6,137eb1c0,4f707064,882c6cfd,c3d1220d,39576a8f,3237e176
ql7/cobra/ps/IE8Z61CC.prn : cc7080de,ce9583eb,6ea8aeb6,597f69a6,9b7eb6f5,2c9a149f,b54a5532
ql7/cobra/ps/PW4T31NM.prn : f56b9447,b1ee37e4,eb037c7a
ql7/cobra/ps/EX4TA1CT.prn : c4461a6f
ql7/cobra/ps/IE8Z41CM.prn : 5c8ddcf6,be8fb264,8dfae4c
ql7/cobra/ps/IE8Z71CC.prn : ed06dc6c,5690bdb7,226c47dc,68bf6af0,67b7205c,2ba54854
ql7/cobra/ps/EX4T71CC.prn : b2409129,c787d73b,64fea77f,199e9df8,6184239a,b9f49e77,e7d97165,6b63caaf,4d824743
ql7/cobra/ps/PL4T41CM.prn : 54ce28db,365ba92,ffa0433a,8c088227
ql7/universal/PS/wwtwj1ct.prn : 4db4325f,fae0b8a3,dd0b5756,b8d92e57,b753e33a,75ddd964,e3392a39,5487fca1,f90ee9f2,4a455cc,4180e732,5610e6f
ql7/universal/PS/wwtwn1ct.prn : fb1df178,cb3402f3,848123b8,ffcef993,4dfed2ba,b17f49a5,8b6bf9d4,371d73da,65b4244e,155de9b3,33b12db6,a6cdc19d,b88182b6,a7b0717d,27743410,bb0b3065,bcea0f80,c70da3b6,c4568aa7,bc365e0c,98487e20,a92d9933,59cab001,13e285f9,ca6d8ca,c4942385,27b95b1,8f00bc1b,d9ade7b9,df768307,821a2b2c,964fa964,477a412d,c0548dbe,c4ca943c,f6c56072,10fac59f,64707a9b,695b12a5,5d712973,122382ab,3998d6eb,38aafdd2,f6bb8845,b8ead3b4,17265ea7,a6f72701,2fb99e59,98c8872b,b2171828
ql7/universal/PS/extw71cc : 140983c,a827db6b,e567ccc8,402ce940
ql7/universal/PS/extw31cs : be43e55f
ql7/universal/PS/wwtwi1ct.prn : 9bdcf095,2864c00a,c85216fb,4fc69af9,fe665aac,b11416bc,8a90fd9,fbdd22f9,d25bcf87,97528552,3194ca26,b5cbf0ae
ql7/universal/PS/wwtw71ec.prn : 2638c25a,31a168e1,6e9a9234,51a54ff5,6bc8c079
ql7/universal/PS/wwtwk1ct.prn : 4161e03f,cde9afb4,6dd706a5,f54b8aa3,a3eb4a56,56990666,ae2dff83,a16212a3,77e0bf31,3cd774fc,d719b9d0,5b50e058,85f1900f,b2a75e4a,6bb4472d,8fc1bb7e,c337e581,d5dc32a2,5093f95a,2b02f2d,dd348131,4b7232eb,6825046e,d1509ede,57b4855b
ql7/universal/PS/wwtwb1cc.prn : e32003df,68d01e5f,b25efd3a,68d01e5f
ql7/universal/PS/wwtwc1dc.prn : b2e5355b,aa5d2a53
ql7/pdf-distiller11/WW4T61EC.pdf : e42c9f3f
ql7/pdf-distiller11/WW4T41CM.pdf : 7122240d
ql7/pdf-distiller11/IE8Z51CC.pdf : f79f221b
ql7/pdf-distiller11/IE8Z71CC.pdf : d61776df
ql7/pdf-distiller11/PW4T41NM.pdf : 50940824
ql7/cobra/ps/IE8Z31CM.prn : c1aa1fe0,b37fe9c3,50f94a08
ql7/cobra/ps/IE8ZB1DC.prn : 40f32871,eb0f7b73,df203181,1d7fe440
ql7/cobra/ps/EX4T41DM.prn : 41086082,2bcabab
ql7/cobra/ps/PL4T31CM.prn : cc6875a5,84a8f99e,c97f04aa
ql7/cobra/ps/WW4T31CM.prn : af0b746b
ql7/cobra/ps/EX4T31DS.prn : ee000aee
ql7/universal/PS/ie70a1cc : 20dd6484,3c81583a
ql7/universal/PS/pltw31cm : 4469fa8b,b1e9f560,7cd45bd0
ql7/universal/PS/extw01ms : a6602a63
ql7/universal/PS/wwtwr1mm.prn : 5c54f7a7,de98f2bc
ql7/universal/PS/extw02ms : 8326293d
ql7/universal/PS/wwtw41cm.prn : 1d24fafe,67cb477c,bd638324,340f799c
ql7/universal/PS/extw81dg : f5747529
ql7/universal/PS/wwtw31cm.prn : 998072a1,b109d54e
ql7/universal/PS/ie7041dm : 5e52b837,5ccbab12
ql7/universal/PS/wwtwm1ct.prn : 58054292,e48d1207,847a68f8,beeecf6,ba8eaca9,6d3c68b9,c4d161d6,b80574f6,8e842184,537ad74f,edbd1c23,71f442ab,9c94f262,c94ac09d,8257a980,a6651dd1,d9db47d4,ec7f94f5,67375bad,19539180,f3d7e384,6215953e,7ec866c1,e7f40131,6e57e7ae,4c43ffee,a3a9aa33,9bbccc14,7f46e093,42f07897,f16d5c6c,43042a86,1eaa9b04,baff3556,9556e7cb,74d99534,da9d8e34,6940e20c,5341ad5e,794685af,f417b525,48eaf458,c5fea6f7,93d6670f,5d3ba094,7c1ed33f,ff63d504,e3673254,94f614ad,c025c596
ql7/universal/PS/ie7031cs : ea8475a7
ql7/universal/PS/extw71dc : c5ce13dd,328851f0,453e2d4d
ql7/universal/PS/wwtwl1ct.prn : c124a963,6e512fa7,507bce5a,2c49a55b,2ac45a3e,e94e5068,56a9a13d,c7f873a5,6c7f60f6,7814ccd0,b4f15e36,78d18573,24f953a9,212cdcfb,cb536513,e036304f,c2adfe1c,12aca4b,8698536f,3a5d216a,e146c44b,8bd26c53,18fd3e13,782bce26,cdbe20d1
ql7/universal/PS/wwtws1cc.prn : a79cbd24,e477d9a0
ql7/universal/PS/pwtw31nm.prn : cf5ad523,48f1f2ca,566333e1
ql7/universal/PS/extw41cm : f497f7e7
pdf/font_mapping/non-embedded/mvboli.pdf : 36172aa2
pdf/font_mapping/non-embedded/arial.pdf : 3dce507b
pdf/font_mapping/non-embedded/gautami.pdf : 3dce507b
pdf/font_mapping/non-embedded/vrinda-italic.pdf : d8d91154
pdf/font_mapping/non-embedded/couriernew-italic.pdf : 5147bc57
pdf/font_mapping/non-embedded/times-italic.pdf : dc50ddd4
pdf/font_mapping/non-embedded/mssansarif-bold.pdf : a8ea3dfd
pdf/font_mapping/non-embedded/vrinda.pdf : b50175eb
pdf/font_mapping/non-embedded/shruti-italic.pdf : 5ea00c10
pdf/font_mapping/non-embedded/raavi-bold.pdf : 3156aeb3
pdf/font_mapping/non-embedded/gulim.pdf : bd1161df
pdf/font_mapping/non-embedded/mincho.pdf : b166e116
pdf/font_mapping/non-embedded/tahoma-italic.pdf : 4b2ca903
pdf/font_mapping/non-embedded/lucidaunicode-bolditalic.pdf : 8eca6592
pdf/font_mapping/non-embedded/batang-bold.pdf : 4c681fb2
pdf/font_mapping/non-embedded/mssansarif-italic.pdf : adff8ce6
pdf/font_mapping/non-embedded/geogia-bold.pdf : b9e4035
pdf/font_mapping/non-embedded/marlett.pdf : 5bc912bd
pdf/font_mapping/non-embedded/mvboli-bold.pdf : 3156aeb3
pdf/font_mapping/non-embedded/arial-bold.pdf : 4de9fd74
pdf/font_mapping/non-embedded/sylfaen-bolditalic.pdf : 52b91dbd
pdf/font_mapping/non-embedded/raavi-italic.pdf : 5ea00c10
pdf/font_mapping/non-embedded/kartika-bold.pdf : 2b9516e5
pdf/font_mapping/non-embedded/lucida-italic.pdf : 2063ce36
pdf/font_mapping/non-embedded/mangal-bolditalic.pdf : 9e4475b6
pdf/font_mapping/non-embedded/verdana-bold-italic.pdf : bcdb30b4
pdf/font_mapping/non-embedded/batang-italic.pdf : 65d8206f
pdf/font_mapping/non-embedded/comic-bolditalic.pdf : 528ebf04
pdf/font_mapping/non-embedded/latha-bolditalic.pdf : 9e4475b6
pdf/font_mapping/non-embedded/tunga-bold.pdf : 3156aeb3
pdf/font_mapping/non-embedded/gautami-bolditalic.pdf : 9e4475b6
pdf/font_mapping/non-embedded/arial-italic.pdf : 49860adf
pdf/font_mapping/non-embedded/comic.pdf : cdd06094
pdf/font_mapping/non-embedded/kartika-italic.pdf : 69d78500
pdf/font_mapping/non-embedded/trebuchet-italic.pdf : ed653243
pdf/font_mapping/non-embedded/vrinda-bolditalic.pdf : 95ac7700
pdf/font_mapping/non-embedded/couriernew-bolditalic.pdf : df5cf2df
pdf/font_mapping/non-embedded/marlett-bold.pdf : 903921c1
pdf/font_mapping/non-embedded/lucidaconsole.pdf : 70112dab
pdf/font_mapping/non-embedded/shruti-bolditalic.pdf : b9f0653d
pdf/font_mapping/non-embedded/couriernew.pdf : 8f2f00ad
pdf/font_mapping/non-embedded/tunga-italic.pdf : 5ea00c10
pdf/font_mapping/non-embedded/verdana.pdf : 84047c79
pdf/font_mapping/non-embedded/impact-italic.pdf : 765ffdab
pdf/font_mapping/non-embedded/sylfaen-bold.pdf : 887d7e6c
pdf/font_mapping/non-embedded/shruti.pdf : 36172aa2
pdf/font_mapping/non-embedded/tahoma-bolditalic.pdf : bed5a26c
pdf/font_mapping/non-embedded/mangal-bold.pdf : 4de9fd74
pdf/font_mapping/non-embedded/marlett-italic.pdf : f4b5e1bb
pdf/font_mapping/non-embedded/mssansarif-bolditalic.pdf : 51df473d
pdf/font_mapping/non-embedded/latha-bold.pdf : 4de9fd74
pdf/font_mapping/non-embedded/raavi-bolditalic.pdf : b9f0653d
pdf/font_mapping/non-embedded/mssansarif.pdf : c584b615
pdf/font_mapping/non-embedded/gautami-bold.pdf : 4de9fd74
pdf/font_mapping/non-embedded/lucida-bolditalic.pdf : dda36b15
pdf/font_mapping/non-embedded/raavi.pdf : 36172aa2
pdf/font_mapping/non-embedded/lucidaconsole-bold.pdf : 914b5cbb
pdf/font_mapping/non-embedded/vrinda-bold.pdf : e23dc00b
pdf/font_mapping/non-embedded/sylfaen.pdf : 2fe63e5c
pdf/font_mapping/non-embedded/batang-bolditalic.pdf : 21dd42c2
pdf/font_mapping/non-embedded/times-bold.pdf : 3f5f891a
pdf/font_mapping/non-embedded/verdana-bold.pdf : 26b4bb8c
pdf/font_mapping/non-embedded/mvboli-bolditalic.pdf : b9f0653d
pdf/font_mapping/non-embedded/arial-bolditalic.pdf : 9e4475b6
pdf/font_mapping/non-embedded/kartika-bolditalic.pdf : 496521ff
pdf/font_mapping/non-embedded/trebuchet-bolditalic.pdf : 7a2d1f8e
pdf/font_mapping/non-embedded/latha.pdf : 3dce507b
pdf/font_mapping/non-embedded/tahoma-bold.pdf : 74d00d63
pdf/font_mapping/non-embedded/lucidaconsole-italic.pdf : a1ff1b37
pdf/font_mapping/non-embedded/kartika.pdf : 560843e0
pdf/font_mapping/non-embedded/verdana-italic.pdf : edea1e47
pdf/font_mapping/non-embedded/tunga-bolditalic.pdf : b9f0653d
pdf/font_mapping/non-embedded/times.pdf : f4d2eeb4
pdf/font_mapping/non-embedded/impact-bolditalic.pdf : 1d0a50b
pdf/font_mapping/non-embedded/gulim-italic.pdf : fa2164a8
pdf/font_mapping/non-embedded/mincho-italic.pdf : 20e21b3e
pdf/font_mapping/non-embedded/lucida-bold.pdf : ff67ca42
pdf/font_mapping/non-embedded/tunga.pdf : 36172aa2
pdf/font_mapping/non-embedded/marlett-bolditalic.pdf : 8c986fbf
pdf/font_mapping/non-embedded/tahoma.pdf : 2634cfb6
pdf/font_mapping/non-embedded/lucidaunicode.pdf : 39c20fb4
pdf/optional_content/xobj_form_oc.pdf : 5a0e9b58
pdf/optional_content/contentgroup-ve1.pdf : 756482af
pdf/optional_content/pathops.pdf : 6fd005d4
pdf/optional_content/contentgroup-usage.pdf : 6017c0b7
pdf/optional_content/contentgroup-anyOn.pdf : 756482af
pdf/optional_content/contentgroup-usage.pdf.orig : 6017c0b7
pdf/optional_content/contentgroup-basestate-off.pdf : c0c60941
pdf/charstrings_from_post/v3post.pdf : 908ded1f
pdf/charstrings_from_post/acezgbpc.pdf : 9ba15a5
pdf/charstrings_from_post/v1post.pdf : 78d82d23
eval /usr/share/integration-tests/tests/Rendering/simrunner.py 10.194.7.245 -c /usr/share/integration-tests/tests/Rendering/dynamic/auto_test.checksum 
wait_for_no_jobs: find 0 jobs for 5 seconds
Timeout at 30 seconds
Waiting for  5 seconds at 0 jobs
No jobs seen in 5 seconds - stop waiting.
ssh -q -o StrictHostKeyChecking=no root@10.194.7.245 "mkdir -p /tmp/screens"
scp -q -o StrictHostKeyChecking=no -r /usr/share/graphen/screens/color/* root@10.194.7.245:/tmp/screens/
/usr/share/integration-tests/tests/Rendering/regression/use_default_tables.ps
File send Done 40 bytes
Back channel:

====> /usr/share/integration-tests/tests/Rendering/dynamic/auto_test.checksum
ssh -q -o StrictHostKeyChecking=no root@10.194.7.245  'echo "XITHREADCOUNT=1" > /var/tmp/pagemaker.conf' 
/mnt/tcases/acceptance/HAWKING_50_PAGES.PST
File send Done 828330 bytes
Back channel:
%%[ ProductName: ModelName ]%%
%%[Page: 1]%%
%%[Page: 2]%%
%%[Page: 3]%%
%%[Page: 4]%%
%%[Page: 5]%%
%%[Page: 6]%%
%%[Page: 7]%%
%%[Page: 8]%%
%%[Page: 9]%%
%%[Page: 10]%%
%%[Page: 11]%%
%%[Page: 12]%%
%%[Page: 13]%%
%%[Page: 14]%%
%%[Page: 15]%%
%%[Page: 16]%%
%%[Page: 17]%%
%%[Page: 18]%%
%%[Page: 19]%%
%%[Page: 20]%%
%%[Page: 21]%%
%%[Page: 22]%%
%%[Page: 23]%%
%%[Page: 24]%%
%%[Page: 25]%%
%%[Page: 26]%%
%%[Page: 27]%%
%%[Page: 28]%%
%%[Page: 29]%%
%%[Page: 30]%%
%%[Page: 31]%%
%%[Page: 32]%%
%%[Page: 33]%%
%%[Page: 34]%%
%%[Page: 35]%%
%%[Page: 36]%%
%%[Page: 37]%%
%%[Page: 38]%%
%%[Page: 39]%%
%%[Page: 40]%%
%%[Page: 41]%%
%%[Page: 42]%%
%%[Page: 43]%%
%%[Page: 44]%%
%%[Page: 45]%%
%%[Page: 46]%%
%%[Page: 47]%%
%%[Page: 48]%%
%%[Page: 49]%%
%%[Page: 50]%%
%%[LastPage]%%

/mnt/tcases/acceptance/ISO-IEC_24712_FCD_Test_Suite-FINAL.pdf
File send Done 786350 bytes
/mnt/tcases/acceptance/camera.ps
File send Done 679225 bytes
Back channel:
%%[ Page: 1 ]%%
%%[ LastPage ]%%

/mnt/tcases/pdf/annotation/callout_with_text_NAP.pdf
File send Done 16668 bytes
/mnt/tcases/pdf/annotation/simplecap_NAP.pdf
File send Done 2933 bytes
/mnt/tcases/pdf/annotation/watermark/bottom-left/ll_180w.test.pdf
File send Done 191073 bytes
/mnt/tcases/pdf/annotation/watermark/bottom-left/ll_270w.test.pdf
File send Done 191073 bytes
/mnt/tcases/pdf/annotation/watermark/bottom-left/ll_90w.test.pdf
File send Done 191072 bytes
/mnt/tcases/pdf/annotation/watermark/bottom-left/ll_w.pdf
File send Done 191071 bytes
/mnt/tcases/pdf/annotation/watermark/bottom-left/lp_180w.test.pdf
File send Done 201460 bytes
/mnt/tcases/pdf/annotation/watermark/bottom-left/lp_270w.test.pdf
File send Done 201460 bytes
/mnt/tcases/pdf/annotation/watermark/bottom-left/lp_90w.test.pdf
File send Done 201459 bytes
/mnt/tcases/pdf/annotation/watermark/bottom-left/lp_w.pdf
File send Done 201461 bytes
/mnt/tcases/pdf/annotation/watermark/bottom-left/pl_180w.test.pdf
File send Done 200301 bytes
/mnt/tcases/pdf/annotation/watermark/bottom-left/pl_270w.test.pdf
File send Done 200301 bytes
/mnt/tcases/pdf/annotation/watermark/bottom-left/pl_90w.test.pdf
File send Done 200300 bytes
/mnt/tcases/pdf/annotation/watermark/bottom-left/pl_w.pdf
File send Done 200299 bytes
/mnt/tcases/pdf/annotation/watermark/bottom-left/pp_180w.test.pdf
File send Done 200305 bytes
/mnt/tcases/pdf/annotation/watermark/bottom-left/pp_270w.test.pdf
File send Done 200305 bytes
/mnt/tcases/pdf/annotation/watermark/bottom-left/pp_90w.test.pdf
File send Done 200304 bytes
/mnt/tcases/pdf/annotation/watermark/bottom-left/pp_w.pdf
File send Done 200303 bytes
/mnt/tcases/pdf/annotation/watermark/fixedprint_A1.pdf
File send Done 197807 bytes
/mnt/tcases/pdf/annotation/watermark/ll-top-right.pdf
File send Done 191543 bytes
/mnt/tcases/pdf/annotation/watermark/pp-center-90.pdf
File send Done 206073 bytes
/mnt/tcases/pdf/annotation/watermark/pp-center.pdf
File send Done 200911 bytes
/mnt/tcases/pdf/annotation/watermark/pp_180_45_rotate.pdf
File send Done 200975 bytes
/mnt/tcases/pdf/charstrings_from_post/acezgbpc.pdf
File send Done 79737 bytes
/mnt/tcases/pdf/charstrings_from_post/v1post.pdf
File send Done 138937 bytes
Back channel:

/mnt/tcases/pdf/charstrings_from_post/v3post.pdf
File send Done 50309 bytes
Back channel:

/mnt/tcases/pdf/font_mapping/AvantGarde-Book.pdf
File send Done 1616 bytes
/mnt/tcases/pdf/font_mapping/AvantGarde-BookOblique.pdf
File send Done 1630 bytes
/mnt/tcases/pdf/font_mapping/AvantGarde-Demi.pdf
File send Done 1616 bytes
/mnt/tcases/pdf/font_mapping/AvantGarde-DemiOblique.pdf
File send Done 1630 bytes
/mnt/tcases/pdf/font_mapping/Bookman-Demi.pdf
File send Done 1610 bytes
/mnt/tcases/pdf/font_mapping/Bookman-DemiItalic.pdf
File send Done 1622 bytes
/mnt/tcases/pdf/font_mapping/Bookman-Light.pdf
File send Done 1612 bytes
/mnt/tcases/pdf/font_mapping/Bookman-LightItalic.pdf
File send Done 1624 bytes
/mnt/tcases/pdf/font_mapping/CenturySchlbk-Bold.pdf
File send Done 1622 bytes
/mnt/tcases/pdf/font_mapping/CenturySchlbk-BoldItalic.pdf
File send Done 1634 bytes
/mnt/tcases/pdf/font_mapping/CenturySchlbk-Italic.pdf
File send Done 1626 bytes
/mnt/tcases/pdf/font_mapping/CenturySchlbk-Roman.pdf
File send Done 1624 bytes
/mnt/tcases/pdf/font_mapping/Courier-Bold.pdf
File send Done 1610 bytes
/mnt/tcases/pdf/font_mapping/Courier-BoldOblique.pdf
File send Done 8734 bytes
/mnt/tcases/pdf/font_mapping/Courier-Oblique.pdf
File send Done 1616 bytes
/mnt/tcases/pdf/font_mapping/Courier.pdf
File send Done 1600 bytes
/mnt/tcases/pdf/font_mapping/Helvetica-Black.pdf
File send Done 1616 bytes
/mnt/tcases/pdf/font_mapping/Helvetica-BlackOblique.pdf
File send Done 1630 bytes
/mnt/tcases/pdf/font_mapping/Helvetica-Bold.pdf
File send Done 1614 bytes
/mnt/tcases/pdf/font_mapping/Helvetica-BoldOblique.pdf
File send Done 1628 bytes
/mnt/tcases/pdf/font_mapping/Helvetica-Light.pdf
File send Done 1616 bytes
/mnt/tcases/pdf/font_mapping/Helvetica-LightOblique.pdf
File send Done 1630 bytes
/mnt/tcases/pdf/font_mapping/Helvetica-Narrow-Bold.pdf
File send Done 1628 bytes
/mnt/tcases/pdf/font_mapping/Helvetica-Narrow-BoldOblique.pdf
File send Done 1642 bytes
/mnt/tcases/pdf/font_mapping/Helvetica-Narrow-Oblique.pdf
File send Done 1634 bytes
/mnt/tcases/pdf/font_mapping/Helvetica-Narrow.pdf
File send Done 1618 bytes
/mnt/tcases/pdf/font_mapping/Helvetica-Oblique.pdf
File send Done 1620 bytes
/mnt/tcases/pdf/font_mapping/Helvetica.pdf
File send Done 1604 bytes
/mnt/tcases/pdf/font_mapping/Palatino-Bold.pdf
File send Done 1612 bytes
/mnt/tcases/pdf/font_mapping/Palatino-BoldItalic.pdf
File send Done 1624 bytes
/mnt/tcases/pdf/font_mapping/Palatino-Italic.pdf
File send Done 1616 bytes
/mnt/tcases/pdf/font_mapping/Palatino-Roman.pdf
File send Done 1614 bytes
/mnt/tcases/pdf/font_mapping/Symbol.pdf
File send Done 1598 bytes
/mnt/tcases/pdf/font_mapping/Times-Bold.pdf
File send Done 1606 bytes
/mnt/tcases/pdf/font_mapping/Times-BoldItalic.pdf
File send Done 1618 bytes
/mnt/tcases/pdf/font_mapping/Times-Italic.pdf
File send Done 1610 bytes
/mnt/tcases/pdf/font_mapping/Times-Roman.pdf
File send Done 1608 bytes
/mnt/tcases/pdf/font_mapping/ZapfChancery-MediumItalic.pdf
File send Done 1636 bytes
/mnt/tcases/pdf/font_mapping/ZapfDingbats.pdf
File send Done 1610 bytes
/mnt/tcases/pdf/font_mapping/comic-non.pdf
File send Done 10625 bytes
/mnt/tcases/pdf/font_mapping/georgia.pdf
File send Done 13844 bytes
/mnt/tcases/pdf/font_mapping/lucidaconsole.pdf
File send Done 9913 bytes
/mnt/tcases/pdf/font_mapping/lucidasans.pdf
File send Done 14225 bytes
/mnt/tcases/pdf/font_mapping/mediaonly_nrml.pdf
File send Done 1591 bytes
/mnt/tcases/pdf/font_mapping/non-embedded/arial-bold.pdf
File send Done 7736 bytes
/mnt/tcases/pdf/font_mapping/non-embedded/arial-bolditalic.pdf
File send Done 7748 bytes
/mnt/tcases/pdf/font_mapping/non-embedded/arial-italic.pdf
File send Done 7745 bytes
/mnt/tcases/pdf/font_mapping/non-embedded/arial.pdf
File send Done 7725 bytes
/mnt/tcases/pdf/font_mapping/non-embedded/batang-bold.pdf
File send Done 43270 bytes
/mnt/tcases/pdf/font_mapping/non-embedded/batang-bolditalic.pdf
File send Done 43281 bytes
/mnt/tcases/pdf/font_mapping/non-embedded/batang-italic.pdf
File send Done 43227 bytes
/mnt/tcases/pdf/font_mapping/non-embedded/batang.pdf
File send Done 43223 bytes
/mnt/tcases/pdf/font_mapping/non-embedded/comic-bold.pdf
File send Done 8741 bytes
/mnt/tcases/pdf/font_mapping/non-embedded/comic-bolditalic.pdf
File send Done 14639 bytes
/mnt/tcases/pdf/font_mapping/non-embedded/comic-italic.pdf
File send Done 16380 bytes
/mnt/tcases/pdf/font_mapping/non-embedded/comic.pdf
File send Done 16375 bytes
/mnt/tcases/pdf/font_mapping/non-embedded/couriernew-bold.pdf
File send Done 9362 bytes
/mnt/tcases/pdf/font_mapping/non-embedded/couriernew-bolditalic.pdf
File send Done 9406 bytes
/mnt/tcases/pdf/font_mapping/non-embedded/couriernew-italic.pdf
File send Done 9406 bytes
/mnt/tcases/pdf/font_mapping/non-embedded/couriernew.pdf
File send Done 9358 bytes
/mnt/tcases/pdf/font_mapping/non-embedded/gautami-bold.pdf
File send Done 7736 bytes
/mnt/tcases/pdf/font_mapping/non-embedded/gautami-bolditalic.pdf
File send Done 7748 bytes
/mnt/tcases/pdf/font_mapping/non-embedded/gautami-italic.pdf
File send Done 7745 bytes
/mnt/tcases/pdf/font_mapping/non-embedded/gautami.pdf
File send Done 7725 bytes
/mnt/tcases/pdf/font_mapping/non-embedded/geogia-bold.pdf
File send Done 7748 bytes
/mnt/tcases/pdf/font_mapping/non-embedded/geogia-bolditalic.pdf
File send Done 7759 bytes
/mnt/tcases/pdf/font_mapping/non-embedded/geogia-italic.pdf
File send Done 7743 bytes
/mnt/tcases/pdf/font_mapping/non-embedded/geogia.pdf
File send Done 7716 bytes
/mnt/tcases/pdf/font_mapping/non-embedded/gulim-bold.pdf
File send Done 35109 bytes
/mnt/tcases/pdf/font_mapping/non-embedded/gulim-bolditalic.pdf
File send Done 35112 bytes
/mnt/tcases/pdf/font_mapping/non-embedded/gulim-italic.pdf
File send Done 35053 bytes
/mnt/tcases/pdf/font_mapping/non-embedded/gulim.pdf
File send Done 35053 bytes
/mnt/tcases/pdf/font_mapping/non-embedded/impact-bold.pdf
File send Done 7754 bytes
/mnt/tcases/pdf/font_mapping/non-embedded/impact-bolditalic.pdf
File send Done 7764 bytes
/mnt/tcases/pdf/font_mapping/non-embedded/impact-italic.pdf
File send Done 7729 bytes
/mnt/tcases/pdf/font_mapping/non-embedded/impact.pdf
File send Done 7725 bytes
/mnt/tcases/pdf/font_mapping/non-embedded/kartika-bold.pdf
File send Done 12213 bytes
/mnt/tcases/pdf/font_mapping/non-embedded/kartika-bolditalic.pdf
File send Done 12218 bytes
/mnt/tcases/pdf/font_mapping/non-embedded/kartika-italic.pdf
File send Done 12187 bytes
/mnt/tcases/pdf/font_mapping/non-embedded/kartika.pdf
File send Done 12182 bytes
/mnt/tcases/pdf/font_mapping/non-embedded/latha-bold.pdf
File send Done 7736 bytes
/mnt/tcases/pdf/font_mapping/non-embedded/latha-bolditalic.pdf
File send Done 7748 bytes
/mnt/tcases/pdf/font_mapping/non-embedded/latha-italic.pdf
File send Done 7745 bytes
/mnt/tcases/pdf/font_mapping/non-embedded/latha.pdf
File send Done 7725 bytes
/mnt/tcases/pdf/font_mapping/non-embedded/lucida-bold.pdf
File send Done 14683 bytes
/mnt/tcases/pdf/font_mapping/non-embedded/lucida-bolditalic.pdf
File send Done 15127 bytes
/mnt/tcases/pdf/font_mapping/non-embedded/lucida-italic.pdf
File send Done 14950 bytes
/mnt/tcases/pdf/font_mapping/non-embedded/lucida.pdf
File send Done 14779 bytes
/mnt/tcases/pdf/font_mapping/non-embedded/lucidaconsole-bold.pdf
File send Done 7776 bytes
/mnt/tcases/pdf/font_mapping/non-embedded/lucidaconsole-bolditalic.pdf
File send Done 7786 bytes
/mnt/tcases/pdf/font_mapping/non-embedded/lucidaconsole-italic.pdf
File send Done 7765 bytes
/mnt/tcases/pdf/font_mapping/non-embedded/lucidaconsole.pdf
File send Done 7761 bytes
/mnt/tcases/pdf/font_mapping/non-embedded/lucidaunicode-bold.pdf
File send Done 15338 bytes
/mnt/tcases/pdf/font_mapping/non-embedded/lucidaunicode-bolditalic.pdf
File send Done 15346 bytes
/mnt/tcases/pdf/font_mapping/non-embedded/lucidaunicode-italic.pdf
File send Done 15329 bytes
/mnt/tcases/pdf/font_mapping/non-embedded/lucidaunicode.pdf
File send Done 15320 bytes
/mnt/tcases/pdf/font_mapping/non-embedded/mangal-bold.pdf
File send Done 7736 bytes
/mnt/tcases/pdf/font_mapping/non-embedded/mangal-bolditalic.pdf
File send Done 7748 bytes
/mnt/tcases/pdf/font_mapping/non-embedded/mangal-italic.pdf
File send Done 7745 bytes
/mnt/tcases/pdf/font_mapping/non-embedded/mangal.pdf
File send Done 7725 bytes
/mnt/tcases/pdf/font_mapping/non-embedded/marlett-bold.pdf
File send Done 11630 bytes
/mnt/tcases/pdf/font_mapping/non-embedded/marlett-bolditalic.pdf
File send Done 11639 bytes
/mnt/tcases/pdf/font_mapping/non-embedded/marlett-italic.pdf
File send Done 11644 bytes
/mnt/tcases/pdf/font_mapping/non-embedded/marlett.pdf
File send Done 11635 bytes
/mnt/tcases/pdf/font_mapping/non-embedded/mincho-bold.pdf
File send Done 29053 bytes
/mnt/tcases/pdf/font_mapping/non-embedded/mincho-bolditalic.pdf
File send Done 29060 bytes
/mnt/tcases/pdf/font_mapping/non-embedded/mincho-italic.pdf
File send Done 29047 bytes
/mnt/tcases/pdf/font_mapping/non-embedded/mincho.pdf
File send Done 29046 bytes
/mnt/tcases/pdf/font_mapping/non-embedded/mssansarif-bold.pdf
File send Done 18184 bytes
/mnt/tcases/pdf/font_mapping/non-embedded/mssansarif-bolditalic.pdf
File send Done 18192 bytes
/mnt/tcases/pdf/font_mapping/non-embedded/mssansarif-italic.pdf
File send Done 18177 bytes
/mnt/tcases/pdf/font_mapping/non-embedded/mssansarif.pdf
File send Done 18172 bytes
/mnt/tcases/pdf/font_mapping/non-embedded/mvboli-bold.pdf
File send Done 7740 bytes
/mnt/tcases/pdf/font_mapping/non-embedded/mvboli-bolditalic.pdf
File send Done 7751 bytes
/mnt/tcases/pdf/font_mapping/non-embedded/mvboli.pdf
File send Done 7720 bytes
/mnt/tcases/pdf/font_mapping/non-embedded/raavi-bold.pdf
File send Done 7740 bytes
/mnt/tcases/pdf/font_mapping/non-embedded/raavi-bolditalic.pdf
File send Done 7751 bytes
/mnt/tcases/pdf/font_mapping/non-embedded/raavi-italic.pdf
File send Done 7749 bytes
/mnt/tcases/pdf/font_mapping/non-embedded/raavi.pdf
File send Done 7726 bytes
/mnt/tcases/pdf/font_mapping/non-embedded/shruti-bold.pdf
File send Done 7740 bytes
/mnt/tcases/pdf/font_mapping/non-embedded/shruti-bolditalic.pdf
File send Done 7751 bytes
/mnt/tcases/pdf/font_mapping/non-embedded/shruti-italic.pdf
File send Done 7749 bytes
/mnt/tcases/pdf/font_mapping/non-embedded/shruti.pdf
File send Done 7726 bytes
/mnt/tcases/pdf/font_mapping/non-embedded/sylfaen-bold.pdf
File send Done 17191 bytes
/mnt/tcases/pdf/font_mapping/non-embedded/sylfaen-bolditalic.pdf
File send Done 17201 bytes
/mnt/tcases/pdf/font_mapping/non-embedded/sylfaen-italic.pdf
File send Done 17199 bytes
/mnt/tcases/pdf/font_mapping/non-embedded/sylfaen.pdf
File send Done 17193 bytes
/mnt/tcases/pdf/font_mapping/non-embedded/tahoma-bold.pdf
File send Done 7737 bytes
/mnt/tcases/pdf/font_mapping/non-embedded/tahoma-bolditalic.pdf
File send Done 7740 bytes
/mnt/tcases/pdf/font_mapping/non-embedded/tahoma-italic.pdf
File send Done 7745 bytes
/mnt/tcases/pdf/font_mapping/non-embedded/tahoma.pdf
File send Done 7741 bytes
/mnt/tcases/pdf/font_mapping/non-embedded/times-bold.pdf
File send Done 7775 bytes
/mnt/tcases/pdf/font_mapping/non-embedded/times-bolditallic.pdf
File send Done 7808 bytes
/mnt/tcases/pdf/font_mapping/non-embedded/times-italic.pdf
File send Done 7783 bytes
/mnt/tcases/pdf/font_mapping/non-embedded/times.pdf
File send Done 7764 bytes
/mnt/tcases/pdf/font_mapping/non-embedded/trebuchet-bold.pdf
File send Done 7771 bytes
/mnt/tcases/pdf/font_mapping/non-embedded/trebuchet-bolditalic.pdf
File send Done 7776 bytes
/mnt/tcases/pdf/font_mapping/non-embedded/trebuchet-italic.pdf
File send Done 7765 bytes
/mnt/tcases/pdf/font_mapping/non-embedded/trebuchet.pdf
File send Done 7745 bytes
/mnt/tcases/pdf/font_mapping/non-embedded/tunga-bold.pdf
File send Done 7741 bytes
/mnt/tcases/pdf/font_mapping/non-embedded/tunga-bolditalic.pdf
File send Done 7752 bytes
/mnt/tcases/pdf/font_mapping/non-embedded/tunga-italic.pdf
File send Done 7750 bytes
/mnt/tcases/pdf/font_mapping/non-embedded/tunga.pdf
File send Done 7727 bytes
/mnt/tcases/pdf/font_mapping/non-embedded/verdana-bold-italic.pdf
File send Done 7755 bytes
/mnt/tcases/pdf/font_mapping/non-embedded/verdana-bold.pdf
File send Done 7736 bytes
/mnt/tcases/pdf/font_mapping/non-embedded/verdana-italic.pdf
File send Done 7748 bytes
/mnt/tcases/pdf/font_mapping/non-embedded/verdana.pdf
File send Done 7734 bytes
/mnt/tcases/pdf/font_mapping/non-embedded/vrinda-bold.pdf
File send Done 12877 bytes
/mnt/tcases/pdf/font_mapping/non-embedded/vrinda-bolditalic.pdf
File send Done 12890 bytes
/mnt/tcases/pdf/font_mapping/non-embedded/vrinda-italic.pdf
File send Done 12855 bytes
/mnt/tcases/pdf/font_mapping/non-embedded/vrinda.pdf
File send Done 12855 bytes
/mnt/tcases/pdf/font_mapping/sylfaen.pdf
File send Done 9797 bytes
/mnt/tcases/pdf/font_mapping/test-embedded.pdf
File send Done 1262723 bytes
/mnt/tcases/pdf/font_mapping/test-nonembedded.pdf
File send Done 98688 bytes
/mnt/tcases/pdf/font_mapping/test.pdf
File send Done 1284736 bytes
/mnt/tcases/pdf/font_mapping/unicode.pdf
File send Done 9856 bytes
/mnt/tcases/pdf/fonts/report.pdf
File send Done 134224 bytes
/mnt/tcases/pdf/invalidxref/hybrid_entry_l.pdf
File send Done 49416 bytes
/mnt/tcases/pdf/invalidxref/tables_entry.pdf
File send Done 13511 bytes
/mnt/tcases/pdf/invalidxref/tables_startxref.pdf
File send Done 13511 bytes
/mnt/tcases/pdf/invalidxref/xrefstm_startxref_l.pdf
File send Done 251670 bytes
/mnt/tcases/pdf/optional_content/contentgroup-anyOn.pdf
File send Done 1931 bytes
/mnt/tcases/pdf/optional_content/contentgroup-basestate-off.pdf
File send Done 1877 bytes
/mnt/tcases/pdf/optional_content/contentgroup-usage.pdf
File send Done 1847 bytes
/mnt/tcases/pdf/optional_content/contentgroup-usage.pdf.orig
File send Done 1847 bytes
/mnt/tcases/pdf/optional_content/contentgroup-ve1.pdf
File send Done 1961 bytes
/mnt/tcases/pdf/optional_content/pathops.pdf
File send Done 1886 bytes
/mnt/tcases/pdf/optional_content/xobj_form_oc.pdf
File send Done 5028 bytes
/mnt/tcases/pdf/password_prompting/unencrypted.pdf
File send Done 814 bytes
/mnt/tcases/pdf/stateless_paths/paths01.pdf
File send Done 982 bytes
Back channel:

/mnt/tcases/pdf/stateless_paths/paths02.pdf
File send Done 1044 bytes
Back channel:

/mnt/tcases/pdf/stateless_paths/paths03.pdf
File send Done 202130 bytes
Back channel:

/mnt/tcases/pdf/stateless_paths/paths03e.pdf
File send Done 1184697 bytes
Back channel:

/mnt/tcases/pdf/stateless_paths/paths04.pdf
File send Done 956 bytes
Back channel:

/mnt/tcases/pdf/stateless_paths/paths05.pdf
File send Done 4325 bytes
Back channel:

/mnt/tcases/pdf/viewer_prefs/empty_range.pdf
File send Done 126149 bytes
/mnt/tcases/pdf/viewer_prefs/mix.pdf
File send Done 110345 bytes
/mnt/tcases/pdf/viewer_prefs/neg_range.pdf
File send Done 110456 bytes
/mnt/tcases/pdf/viewer_prefs/null_viewprefs.pdf
File send Done 126129 bytes
/mnt/tcases/pdf/viewer_prefs/num_cp6.pdf
File send Done 110510 bytes
/mnt/tcases/pdf/viewer_prefs/odd_range.pdf
File send Done 110453 bytes
/mnt/tcases/pdf/viewer_prefs/override.pdf
File send Done 110439 bytes
/mnt/tcases/pdf/viewer_prefs/p4_3up.pdf
File send Done 126432 bytes
/mnt/tcases/pdf/viewer_prefs/p4_4up.pdf
File send Done 150936 bytes
/mnt/tcases/pdf/viewer_prefs/viewPrefs.pdf
File send Done 110510 bytes
/mnt/tcases/pdf/widths_to_metrics/72_17235.pdf
File send Done 270615 bytes
/mnt/tcases/pdf/widths_to_metrics/aeazagp3.pdf
File send Done 251671 bytes
/mnt/tcases/pdf/widths_to_metrics/widths01.pdf
File send Done 1908 bytes
Back channel:

/mnt/tcases/pdf/widths_to_metrics/widths02.pdf
File send Done 14273 bytes
/mnt/tcases/pdf/widths_to_metrics/widths03.pdf
File send Done 1864 bytes
Back channel:

/mnt/tcases/pdf/widths_to_metrics/widths04.pdf
File send Done 26045 bytes
/mnt/tcases/pdf/widths_to_metrics/widths05.pdf
File send Done 9080 bytes
/mnt/tcases/ql7/cobra/ps/EX4T31DS.prn
File send Done 90959 bytes
Back channel:
%%[ ProductName: ModelName ]%%
%%[Page: 1]%%
%%[LastPage]%%

/mnt/tcases/ql7/cobra/ps/EX4T41DM.prn
File send Done 1413687 bytes
Back channel:
%%[ ProductName: ModelName ]%%
%%[Page: 1]%%
%%[Page: 2]%%
%%[LastPage]%%

/mnt/tcases/ql7/cobra/ps/EX4T71CC.prn
File send Done 2642543 bytes
Back channel:
%%[ ProductName: ModelName ]%%
%%[Page: 1]%%
%%[Page: 2]%%
%%[Page: 3]%%
%%[Page: 4]%%
%%[Page: 5]%%
%%[Page: 6]%%
%%[Page: 7]%%
%%[Page: 8]%%
%%[Page: 9]%%
%%[LastPage]%%

/mnt/tcases/ql7/cobra/ps/EX4TA1CT.prn
File send Done 599740 bytes
Back channel:
%%[ ProductName: ModelName ]%%
%%[Page: 1]%%
%%[LastPage]%%

/mnt/tcases/ql7/cobra/ps/IE8Z31CM.prn
File send Done 113100 bytes
Back channel:
%%[ ProductName: ModelName ]%%
%%[Page: 1]%%
%%[Page: 2]%%
%%[Page: 3]%%
%%[Page: 4]%%
%%[LastPage]%%

/mnt/tcases/ql7/cobra/ps/IE8Z41CM.prn
File send Done 2822525 bytes
Back channel:
%%[ ProductName: ModelName ]%%
%%[Page: 1]%%
%%[Page: 2]%%
%%[Page: 3]%%
%%[Page: 4]%%
%%[LastPage]%%

/mnt/tcases/ql7/cobra/ps/IE8Z61CC.prn
File send Done 1127099 bytes
Back channel:
%%[ ProductName: ModelName ]%%
%%[Page: 1]%%
%%[Page: 2]%%
%%[Page: 3]%%
%%[Page: 4]%%
%%[Page: 5]%%
%%[Page: 6]%%
%%[Page: 7]%%
%%[Page: 8]%%
%%[LastPage]%%

/mnt/tcases/ql7/cobra/ps/IE8Z71CC.prn
File send Done 1349589 bytes
Back channel:
%%[ ProductName: ModelName ]%%
%%[Page: 1]%%
%%[Page: 2]%%
%%[Page: 3]%%
%%[Page: 4]%%
%%[Page: 5]%%
%%[Page: 6]%%
%%[LastPage]%%

/mnt/tcases/ql7/cobra/ps/IE8ZB1DC.prn
File send Done 1780206 bytes
Back channel:
%%[ ProductName: ModelName ]%%
%%[Page: 1]%%
%%[Page: 2]%%
%%[Page: 3]%%
%%[Page: 4]%%
%%[LastPage]%%

/mnt/tcases/ql7/cobra/ps/PL4T31CM.prn
File send Done 175621 bytes
Back channel:
%%[ ProductName: ModelName ]%%
%%[Page: 1]%%
%%[Page: 2]%%
%%[Page: 3]%%
%%[LastPage]%%

/mnt/tcases/ql7/cobra/ps/PL4T41CM.prn
File send Done 1233441 bytes
Back channel:
%%[ ProductName: ModelName ]%%
%%[Page: 1]%%
%%[Page: 2]%%
%%[Page: 3]%%
%%[Page: 4]%%
%%[LastPage]%%

/mnt/tcases/ql7/cobra/ps/PW4T31NM.prn
File send Done 1768464 bytes
Back channel:
%%[ ProductName: ModelName ]%%
%%[Page: 1]%%
%%[Page: 2]%%
%%[Page: 3]%%
%%[LastPage]%%

/mnt/tcases/ql7/cobra/ps/WW4T31CM.prn
File send Done 533329 bytes
Back channel:
%%[ ProductName: ModelName ]%%
%%[Page: 1]%%
%%[LastPage]%%

/mnt/tcases/ql7/pdf-distiller11/ACTN41CM.pdf
File send Done 882057 bytes
Back channel:

/mnt/tcases/ql7/pdf-distiller11/EX4TB1CC.pdf
File send Done 2358942 bytes
/mnt/tcases/ql7/pdf-distiller11/IE8Z51CC.pdf
File send Done 431070 bytes
/mnt/tcases/ql7/pdf-distiller11/IE8Z71CC.pdf
File send Done 209809 bytes
/mnt/tcases/ql7/pdf-distiller11/PL4T31CM.pdf
File send Done 161213 bytes
/mnt/tcases/ql7/pdf-distiller11/PL4TA1CC.pdf
File send Done 2760887 bytes
/mnt/tcases/ql7/pdf-distiller11/PL4TB1DC.pdf
File send Done 421555 bytes
/mnt/tcases/ql7/pdf-distiller11/PW4T41NM.pdf
File send Done 323290 bytes
/mnt/tcases/ql7/pdf-distiller11/WW4T41CM.pdf
File send Done 349960 bytes
/mnt/tcases/ql7/pdf-distiller11/WW4T61EC.pdf
File send Done 1558968 bytes
/mnt/tcases/ql7/pdf-distiller11/WW4TP1DC.pdf
File send Done 583357 bytes
/mnt/tcases/ql7/universal/PS/extw01ms
File send Done 65346 bytes
Back channel:
%%[ ProductName: ModelName ]%%
%%[Page: 1]%%
%%[LastPage]%%

/mnt/tcases/ql7/universal/PS/extw02ms
File send Done 59111 bytes
Back channel:
%%[ ProductName: ModelName ]%%
%%[Page: 1]%%
%%[LastPage]%%

/mnt/tcases/ql7/universal/PS/extw31cs
File send Done 132786 bytes
Back channel:
%%[ ProductName: ModelName ]%%
%%[Page: 1]%%
%%[LastPage]%%

/mnt/tcases/ql7/universal/PS/extw41cm
File send Done 330451 bytes
Back channel:
%%[ ProductName: ModelName ]%%
%%[Page: 1]%%
%%[LastPage]%%

/mnt/tcases/ql7/universal/PS/extw71cc
File send Done 625775 bytes
Back channel:
%%[ ProductName: ModelName ]%%
%%[Page: 1]%%
%%[Page: 2]%%
%%[Page: 3]%%
%%[Page: 4]%%
%%[LastPage]%%

/mnt/tcases/ql7/universal/PS/extw71dc
File send Done 3939415 bytes
Back channel:
%%[ ProductName: ModelName ]%%
%%[Page: 1]%%
%%[Page: 2]%%
%%[Page: 3]%%
%%[LastPage]%%

/mnt/tcases/ql7/universal/PS/extw81dg
File send Done 127905 bytes
Back channel:
%%[ ProductName: ModelName ]%%
%%[Page: 1]%%
%%[LastPage]%%

/mnt/tcases/ql7/universal/PS/ie7031cs
File send Done 80361 bytes
Back channel:
%%[ ProductName: ModelName ]%%
%%[Page: 1]%%
%%[LastPage]%%

/mnt/tcases/ql7/universal/PS/ie7041dm
File send Done 766288 bytes
Back channel:
%%[ ProductName: ModelName ]%%
%%[Page: 1]%%
%%[Page: 2]%%
%%[LastPage]%%

/mnt/tcases/ql7/universal/PS/ie70a1cc
File send Done 621903 bytes
Back channel:
%%[ ProductName: ModelName ]%%
%%[Page: 1]%%
%%[Page: 2]%%
%%[LastPage]%%

/mnt/tcases/ql7/universal/PS/pltw31cm
File send Done 2623964 bytes
Back channel:
%%[ ProductName: ModelName ]%%
%%[Page: 1]%%
%%[Page: 2]%%
%%[Page: 3]%%
%%[LastPage]%%

/mnt/tcases/ql7/universal/PS/pwtw31nm.prn
File send Done 111255 bytes
Back channel:
%%[ ProductName: ModelName ]%%
%%[Page: 1]%%
%%[Page: 2]%%
%%[Page: 3]%%
%%[LastPage]%%

/mnt/tcases/ql7/universal/PS/wwtw31cm.prn
File send Done 156715 bytes
Back channel:
%%[ ProductName: ModelName ]%%
%%[Page: 1]%%
%%[Page: 2]%%
%%[LastPage]%%

/mnt/tcases/ql7/universal/PS/wwtw41cm.prn
File send Done 221253 bytes
Back channel:
%%[ ProductName: ModelName ]%%
%%[Page: 1]%%
%%[Page: 2]%%
%%[Page: 3]%%
%%[Page: 4]%%
%%[LastPage]%%

/mnt/tcases/ql7/universal/PS/wwtw71ec.prn
File send Done 3299870 bytes
Back channel:
%%[ ProductName: ModelName ]%%
%%[Page: 1]%%
%%[Page: 2]%%
%%[Page: 3]%%
%%[Page: 4]%%
%%[Page: 5]%%
%%[LastPage]%%

/mnt/tcases/ql7/universal/PS/wwtwb1cc.prn
File send Done 2071345 bytes
Back channel:
%%[ ProductName: ModelName ]%%
%%[Page: 1]%%
%%[Page: 2]%%
%%[Page: 3]%%
%%[Page: 4]%%
%%[LastPage]%%

/mnt/tcases/ql7/universal/PS/wwtwc1dc.prn
File send Done 2579387 bytes
Back channel:
%%[ ProductName: ModelName ]%%
%%[Page: 1]%%
%%[Page: 2]%%
%%[LastPage]%%

/mnt/tcases/ql7/universal/PS/wwtwi1ct.prn
File send Done 406133 bytes
Back channel:
%%[ ProductName: ModelName ]%%
%%[Page: 1]%%
%%[Page: 2]%%
%%[Page: 3]%%
%%[Page: 4]%%
%%[Page: 5]%%
%%[Page: 6]%%
%%[Page: 7]%%
%%[Page: 8]%%
%%[Page: 9]%%
%%[Page: 10]%%
%%[Page: 11]%%
%%[Page: 12]%%
%%[LastPage]%%

/mnt/tcases/ql7/universal/PS/wwtwj1ct.prn
File send Done 407912 bytes
Back channel:
%%[ ProductName: ModelName ]%%
%%[Page: 1]%%
%%[Page: 2]%%
%%[Page: 3]%%
%%[Page: 4]%%
%%[Page: 5]%%
%%[Page: 6]%%
%%[Page: 7]%%
%%[Page: 8]%%
%%[Page: 9]%%
%%[Page: 10]%%
%%[Page: 11]%%
%%[Page: 12]%%
%%[LastPage]%%

/mnt/tcases/ql7/universal/PS/wwtwk1ct.prn
File send Done 789921 bytes
Back channel:
%%[ ProductName: ModelName ]%%
%%[Page: 1]%%
%%[Page: 2]%%
%%[Page: 3]%%
%%[Page: 4]%%
%%[Page: 5]%%
%%[Page: 6]%%
%%[Page: 7]%%
%%[Page: 8]%%
%%[Page: 9]%%
%%[Page: 10]%%
%%[Page: 11]%%
%%[Page: 12]%%
%%[Page: 13]%%
%%[Page: 14]%%
%%[Page: 15]%%
%%[Page: 16]%%
%%[Page: 17]%%
%%[Page: 18]%%
%%[Page: 19]%%
%%[Page: 20]%%
%%[Page: 21]%%
%%[Page: 22]%%
%%[Page: 23]%%
%%[Page: 24]%%
%%[Page: 25]%%
%%[LastPage]%%

/mnt/tcases/ql7/universal/PS/wwtwl1ct.prn
File send Done 793989 bytes
Back channel:
%%[ ProductName: ModelName ]%%
%%[Page: 1]%%
%%[Page: 2]%%
%%[Page: 3]%%
%%[Page: 4]%%
%%[Page: 5]%%
%%[Page: 6]%%
%%[Page: 7]%%
%%[Page: 8]%%
%%[Page: 9]%%
%%[Page: 10]%%
%%[Page: 11]%%
%%[Page: 12]%%
%%[Page: 13]%%
%%[Page: 14]%%
%%[Page: 15]%%
%%[Page: 16]%%
%%[Page: 17]%%
%%[Page: 18]%%
%%[Page: 19]%%
%%[Page: 20]%%
%%[Page: 21]%%
%%[Page: 22]%%
%%[Page: 23]%%
%%[Page: 24]%%
%%[Page: 25]%%
%%[LastPage]%%

/mnt/tcases/ql7/universal/PS/wwtwm1ct.prn
File send Done 1511586 bytes
Back channel:
%%[ ProductName: ModelName ]%%
%%[Page: 1]%%
%%[Page: 2]%%
%%[Page: 3]%%
%%[Page: 4]%%
%%[Page: 5]%%
%%[Page: 6]%%
%%[Page: 7]%%
%%[Page: 8]%%
%%[Page: 9]%%
%%[Page: 10]%%
%%[Page: 11]%%
%%[Page: 12]%%
%%[Page: 13]%%
%%[Page: 14]%%
%%[Page: 15]%%
%%[Page: 16]%%
%%[Page: 17]%%
%%[Page: 18]%%
%%[Page: 19]%%
%%[Page: 20]%%
%%[Page: 21]%%
%%[Page: 22]%%
%%[Page: 23]%%
%%[Page: 24]%%
%%[Page: 25]%%
%%[Page: 26]%%
%%[Page: 27]%%
%%[Page: 28]%%
%%[Page: 29]%%
%%[Page: 30]%%
%%[Page: 31]%%
%%[Page: 32]%%
%%[Page: 33]%%
%%[Page: 34]%%
%%[Page: 35]%%
%%[Page: 36]%%
%%[Page: 37]%%
%%[Page: 38]%%
%%[Page: 39]%%
%%[Page: 40]%%
%%[Page: 41]%%
%%[Page: 42]%%
%%[Page: 43]%%
%%[Page: 44]%%
%%[Page: 45]%%
%%[Page: 46]%%
%%[Page: 47]%%
%%[Page: 48]%%
%%[Page: 49]%%
%%[Page: 50]%%
%%[LastPage]%%

/mnt/tcases/ql7/universal/PS/wwtwn1ct.prn
File send Done 1520184 bytes
Back channel:
%%[ ProductName: ModelName ]%%

/mnt/tcases/ql7/universal/PS/wwtwr1mm.prn
File send Done 106774 bytes
Back channel:
%%[ ProductName: ModelName ]%%
%%[Page: 1]%%
%%[Page: 2]%%
%%[LastPage]%%

/mnt/tcases/ql7/universal/PS/wwtws1cc.prn
File send Done 3217224 bytes
Back channel:
%%[ ProductName: ModelName ]%%
%%[Page: 1]%%
%%[Page: 2]%%
%%[LastPage]%%

/mnt/tcases/rendering/sentry/colortests/BrightnessContrastSaturation_CMYK.ps
File send Done 4368 bytes
/mnt/tcases/rendering/sentry/colortests/BrightnessContrastSaturation_GRAY.ps
File send Done 3734 bytes
/mnt/tcases/rendering/sentry/colortests/BrightnessContrastSaturation_RGB.ps
File send Done 4224 bytes
/mnt/tcases/rendering/sentry/colortests/ColorBalance_C.ps
File send Done 1635 bytes
/mnt/tcases/rendering/sentry/colortests/ColorBalance_K.ps
File send Done 1649 bytes
/mnt/tcases/rendering/sentry/colortests/ColorBalance_M.ps
File send Done 1652 bytes
/mnt/tcases/rendering/sentry/colortests/ColorBalance_Y.ps
File send Done 1654 bytes
/mnt/tcases/rendering/sentry/colortests/ColorCorrection.ps
File send Done 6529 bytes
/mnt/tcases/rendering/sentry/colortests/ColorSaver.ps
File send Done 3780 bytes
/mnt/tcases/rendering/sentry/colortests/DebugObjectType_CMYK_graphics.ps
File send Done 2486 bytes
/mnt/tcases/rendering/sentry/colortests/DebugObjectType_CMYK_image.ps
File send Done 2074 bytes
/mnt/tcases/rendering/sentry/colortests/DebugObjectType_CMYK_text.ps
File send Done 2612 bytes
/mnt/tcases/rendering/sentry/colortests/DebugObjectType_RGB_graphics.ps
File send Done 2390 bytes
/mnt/tcases/rendering/sentry/colortests/DebugObjectType_RGB_image.ps
File send Done 2068 bytes
/mnt/tcases/rendering/sentry/colortests/DebugObjectType_RGB_text.ps
File send Done 2523 bytes
/mnt/tcases/rendering/sentry/colortests/DisableColorCorrection.ps
File send Done 3392 bytes
/mnt/tcases/rendering/sentry/colortests/ManualColorCorrection_CMYK_graphics.ps
File send Done 2469 bytes
/mnt/tcases/rendering/sentry/colortests/ManualColorCorrection_CMYK_image.ps
File send Done 2096 bytes
/mnt/tcases/rendering/sentry/colortests/ManualColorCorrection_CMYK_text.ps
File send Done 2570 bytes
/mnt/tcases/rendering/sentry/colortests/ManualColorCorrection_RGB_graphics.ps
File send Done 2448 bytes
/mnt/tcases/rendering/sentry/colortests/ManualColorCorrection_RGB_image.ps
File send Done 2092 bytes
/mnt/tcases/rendering/sentry/colortests/ManualColorCorrection_RGB_text.ps
File send Done 2526 bytes
/mnt/tcases/rendering/sentry/colortests/ObjectSpecificTonerDarkness.ps
File send Done 7014 bytes
/mnt/tcases/rendering/sentry/colortests/PSHalftoneCRDs_color_1200.ps
File send Done 3854 bytes
/mnt/tcases/rendering/sentry/colortests/PSHalftoneCRDs_color_600.ps
File send Done 5080 bytes
/mnt/tcases/rendering/sentry/colortests/PSHalftoneCRDs_default.ps
File send Done 1664 bytes
/mnt/tcases/rendering/sentry/colortests/PrintMode.ps
File send Done 5192 bytes
/mnt/tcases/rendering/sentry/colortests/RGBColorReplace.ps
File send Done 1840 bytes
/mnt/tcases/rendering/sentry/colortests/SpotColorReplacement.ps
File send Done 1770 bytes
/mnt/tcases/rendering/sentry/colortests/TonerDarkness_C.ps
File send Done 1374 bytes
/mnt/tcases/rendering/sentry/colortests/TonerDarkness_K.ps
File send Done 1388 bytes
/mnt/tcases/rendering/sentry/colortests/TonerDarkness_M.ps
File send Done 1391 bytes
/mnt/tcases/rendering/sentry/colortests/TonerDarkness_Y.ps
File send Done 1392 bytes
/mnt/tcases/rendering/sentry/monotests/BrightnessContrast_GRAY.ps
File send Done 3199 bytes
/mnt/tcases/rendering/sentry/monotests/ColorCorrection.ps
File send Done 2762 bytes
/mnt/tcases/rendering/sentry/monotests/TonerDarkness.ps
File send Done 2183 bytes
/mnt/tcases/rendering/sentry/pmaptests/AllowUserScreensTestDefault.ps
File send Done 3852 bytes
/mnt/tcases/rendering/sentry/pmaptests/AllowUserScreensTestOff.ps
File send Done 3850 bytes
/mnt/tcases/rendering/sentry/pmaptests/AllowUserScreensTestOn.ps
File send Done 3757 bytes
/mnt/tcases/rendering/sentry/pmaptests/BayerScreenLimit.ps
File send Done 2921 bytes
/mnt/tcases/rendering/sentry/pmaptests/BlackTrapping.ps
File send Done 2227 bytes
/mnt/tcases/rendering/sentry/pmaptests/Coring.ps
File send Done 4548 bytes
/mnt/tcases/rendering/sentry/pmaptests/EnhanceFineLine.ps
File send Done 4299 bytes
/mnt/tcases/rendering/sentry/pmaptests/FontOutlining.ps
File send Done 4363 bytes
/mnt/tcases/rendering/sentry/pmaptests/PixelBoost.ps
File send Done 3138 bytes
/mnt/tcases/rendering/sentry/pmaptests/Resolution.ps
File send Done 3551 bytes
/mnt/tcases/rendering/sentry/pmaptests/UserScreen1200.ps
File send Done 21711 bytes
Back channel:

/mnt/tcases/rendering/sentry/pmaptests/UserScreen1200IQ.ps
File send Done 21741 bytes
Back channel:

/mnt/tcases/rendering/sentry/pmaptests/UserScreen2400IQ.ps
File send Done 21741 bytes
Back channel:

/mnt/tcases/rendering/sentry/pmaptests/UserScreen600.ps
File send Done 6599 bytes
Back channel:

/mnt/tcases/rendering/sentry/pmaptests/UserScreenType1.ps
File send Done 1632 bytes
Back channel:

/mnt/tcases/rendering/sentry/pmaptests/UserScreensColor1200.ps
File send Done 22332 bytes
/mnt/tcases/rendering/sentry/pmaptests/UserScreensColor2400IQ.ps
File send Done 54855 bytes
/mnt/tcases/rendering/sentry/pmaptests/usescannerscreen.ps
File send Done 3812 bytes
Back channel:

ssh -q -o StrictHostKeyChecking=no root@10.194.7.245 "rm -rf /var/tmp/pagemaker.conf"
ssh -q -o StrictHostKeyChecking=no root@10.194.7.245 "rm -rf /tmp/screens"
/usr/share/integration-tests/tests/Rendering/regression/use_product_tables.ps
File send Done 40 bytes
Back channel:

